[    0.000000] microcode: microcode updated early to revision 0x21, date = 2019-02-13
[    0.000000] Linux version 4.15.0-96-generic (buildd@lgw01-amd64-004) (gcc version 7.5.0 (Ubuntu 7.5.0-3ubuntu1~18.04)) #97-Ubuntu SMP Wed Apr 1 03:25:46 UTC 2020 (Ubuntu 4.15.0-96.97-generic 4.15.18)
[    0.000000] Command line: BOOT_IMAGE=/vmlinuz-4.15.0-96-generic root=UUID=f4a3d9f9-ff8a-4c91-9868-6dd663f8b5ad ro quiet splash vt.handoff=1
[    0.000000] KERNEL supported cpus:
[    0.000000]   Intel GenuineIntel
[    0.000000]   AMD AuthenticAMD
[    0.000000]   Centaur CentaurHauls
[    0.000000] x86/fpu: Supporting XSAVE feature 0x001: 'x87 floating point registers'
[    0.000000] x86/fpu: Supporting XSAVE feature 0x002: 'SSE registers'
[    0.000000] x86/fpu: Supporting XSAVE feature 0x004: 'AVX registers'
[    0.000000] x86/fpu: xstate_offset[2]:  576, xstate_sizes[2]:  256
[    0.000000] x86/fpu: Enabled xstate features 0x7, context size is 832 bytes, using 'standard' format.
[    0.000000] e820: BIOS-provided physical RAM map:
[    0.000000] BIOS-e820: [mem 0x0000000000000000-0x000000000009efff] usable
[    0.000000] BIOS-e820: [mem 0x000000000009f000-0x000000000009ffff] reserved
[    0.000000] BIOS-e820: [mem 0x0000000000100000-0x000000001fffffff] usable
[    0.000000] BIOS-e820: [mem 0x0000000020000000-0x00000000201fffff] reserved
[    0.000000] BIOS-e820: [mem 0x0000000020200000-0x0000000040003fff] usable
[    0.000000] BIOS-e820: [mem 0x0000000040004000-0x0000000040004fff] reserved
[    0.000000] BIOS-e820: [mem 0x0000000040005000-0x00000000c85d5fff] usable
[    0.000000] BIOS-e820: [mem 0x00000000c85d6000-0x00000000c8a65fff] reserved
[    0.000000] BIOS-e820: [mem 0x00000000c8a66000-0x00000000c8a7cfff] ACPI data
[    0.000000] BIOS-e820: [mem 0x00000000c8a7d000-0x00000000c910cfff] ACPI NVS
[    0.000000] BIOS-e820: [mem 0x00000000c910d000-0x00000000c9876fff] reserved
[    0.000000] BIOS-e820: [mem 0x00000000c9877000-0x00000000c9877fff] usable
[    0.000000] BIOS-e820: [mem 0x00000000c9878000-0x00000000c98bafff] ACPI NVS
[    0.000000] BIOS-e820: [mem 0x00000000c98bb000-0x00000000c9cc1fff] usable
[    0.000000] BIOS-e820: [mem 0x00000000c9cc2000-0x00000000c9ff3fff] reserved
[    0.000000] BIOS-e820: [mem 0x00000000c9ff4000-0x00000000c9ffffff] usable
[    0.000000] BIOS-e820: [mem 0x00000000cb000000-0x00000000cf1fffff] reserved
[    0.000000] BIOS-e820: [mem 0x00000000f8000000-0x00000000fbffffff] reserved
[    0.000000] BIOS-e820: [mem 0x00000000fec00000-0x00000000fec00fff] reserved
[    0.000000] BIOS-e820: [mem 0x00000000fed00000-0x00000000fed03fff] reserved
[    0.000000] BIOS-e820: [mem 0x00000000fed1c000-0x00000000fed1ffff] reserved
[    0.000000] BIOS-e820: [mem 0x00000000fee00000-0x00000000fee00fff] reserved
[    0.000000] BIOS-e820: [mem 0x00000000ff000000-0x00000000ffffffff] reserved
[    0.000000] BIOS-e820: [mem 0x0000000100000000-0x000000042fdfffff] usable
[    0.000000] NX (Execute Disable) protection: active
[    0.000000] e820: update [mem 0x89ee2018-0x89ef1657] usable ==> usable
[    0.000000] e820: update [mem 0x89ee2018-0x89ef1657] usable ==> usable
[    0.000000] e820: update [mem 0x89ed1018-0x89ee1057] usable ==> usable
[    0.000000] e820: update [mem 0x89ed1018-0x89ee1057] usable ==> usable
[    0.000000] e820: update [mem 0x89ec4018-0x89ed0857] usable ==> usable
[    0.000000] e820: update [mem 0x89ec4018-0x89ed0857] usable ==> usable
[    0.000000] extended physical RAM map:
[    0.000000] reserve setup_data: [mem 0x0000000000000000-0x000000000009efff] usable
[    0.000000] reserve setup_data: [mem 0x000000000009f000-0x000000000009ffff] reserved
[    0.000000] reserve setup_data: [mem 0x0000000000100000-0x000000001fffffff] usable
[    0.000000] reserve setup_data: [mem 0x0000000020000000-0x00000000201fffff] reserved
[    0.000000] reserve setup_data: [mem 0x0000000020200000-0x0000000040003fff] usable
[    0.000000] reserve setup_data: [mem 0x0000000040004000-0x0000000040004fff] reserved
[    0.000000] reserve setup_data: [mem 0x0000000040005000-0x0000000089ec4017] usable
[    0.000000] reserve setup_data: [mem 0x0000000089ec4018-0x0000000089ed0857] usable
[    0.000000] reserve setup_data: [mem 0x0000000089ed0858-0x0000000089ed1017] usable
[    0.000000] reserve setup_data: [mem 0x0000000089ed1018-0x0000000089ee1057] usable
[    0.000000] reserve setup_data: [mem 0x0000000089ee1058-0x0000000089ee2017] usable
[    0.000000] reserve setup_data: [mem 0x0000000089ee2018-0x0000000089ef1657] usable
[    0.000000] reserve setup_data: [mem 0x0000000089ef1658-0x00000000c85d5fff] usable
[    0.000000] reserve setup_data: [mem 0x00000000c85d6000-0x00000000c8a65fff] reserved
[    0.000000] reserve setup_data: [mem 0x00000000c8a66000-0x00000000c8a7cfff] ACPI data
[    0.000000] reserve setup_data: [mem 0x00000000c8a7d000-0x00000000c910cfff] ACPI NVS
[    0.000000] reserve setup_data: [mem 0x00000000c910d000-0x00000000c9876fff] reserved
[    0.000000] reserve setup_data: [mem 0x00000000c9877000-0x00000000c9877fff] usable
[    0.000000] reserve setup_data: [mem 0x00000000c9878000-0x00000000c98bafff] ACPI NVS
[    0.000000] reserve setup_data: [mem 0x00000000c98bb000-0x00000000c9cc1fff] usable
[    0.000000] reserve setup_data: [mem 0x00000000c9cc2000-0x00000000c9ff3fff] reserved
[    0.000000] reserve setup_data: [mem 0x00000000c9ff4000-0x00000000c9ffffff] usable
[    0.000000] reserve setup_data: [mem 0x00000000cb000000-0x00000000cf1fffff] reserved
[    0.000000] reserve setup_data: [mem 0x00000000f8000000-0x00000000fbffffff] reserved
[    0.000000] reserve setup_data: [mem 0x00000000fec00000-0x00000000fec00fff] reserved
[    0.000000] reserve setup_data: [mem 0x00000000fed00000-0x00000000fed03fff] reserved
[    0.000000] reserve setup_data: [mem 0x00000000fed1c000-0x00000000fed1ffff] reserved
[    0.000000] reserve setup_data: [mem 0x00000000fee00000-0x00000000fee00fff] reserved
[    0.000000] reserve setup_data: [mem 0x00000000ff000000-0x00000000ffffffff] reserved
[    0.000000] reserve setup_data: [mem 0x0000000100000000-0x000000042fdfffff] usable
[    0.000000] efi: EFI v2.31 by American Megatrends
[    0.000000] efi:  ACPI=0xc8a6a000  ACPI 2.0=0xc8a6a000  SMBIOS=0xf04c0  MPS=0xfd450 
[    0.000000] secureboot: Secure boot disabled
[    0.000000] SMBIOS 2.7 present.
[    0.000000] DMI: ASUSTeK COMPUTER INC. K75VJ/K75VJ, BIOS 227 12/10/2012
[    0.000000] e820: update [mem 0x00000000-0x00000fff] usable ==> reserved
[    0.000000] e820: remove [mem 0x000a0000-0x000fffff] usable
[    0.000000] e820: last_pfn = 0x42fe00 max_arch_pfn = 0x400000000
[    0.000000] MTRR default type: uncachable
[    0.000000] MTRR fixed ranges enabled:
[    0.000000]   00000-9FFFF write-back
[    0.000000]   A0000-BFFFF uncachable
[    0.000000]   C0000-D3FFF write-protect
[    0.000000]   D4000-DFFFF uncachable
[    0.000000]   E0000-FFFFF write-protect
[    0.000000] MTRR variable ranges enabled:
[    0.000000]   0 base 000000000 mask C00000000 write-back
[    0.000000]   1 base 400000000 mask FE0000000 write-back
[    0.000000]   2 base 420000000 mask FF0000000 write-back
[    0.000000]   3 base 0E0000000 mask FE0000000 uncachable
[    0.000000]   4 base 0D0000000 mask FF0000000 uncachable
[    0.000000]   5 base 0CC000000 mask FFC000000 uncachable
[    0.000000]   6 base 0CB000000 mask FFF000000 uncachable
[    0.000000]   7 base 42FE00000 mask FFFE00000 uncachable
[    0.000000]   8 disabled
[    0.000000]   9 disabled
[    0.000000] x86/PAT: Configuration [0-7]: WB  WC  UC- UC  WB  WP  UC- WT  
[    0.000000] total RAM covered: 16302M
[    0.000000]  gran_size: 64K 	chunk_size: 64K 	num_reg: 10  	lose cover RAM: 62M
[    0.000000]  gran_size: 64K 	chunk_size: 128K 	num_reg: 10  	lose cover RAM: 62M
[    0.000000]  gran_size: 64K 	chunk_size: 256K 	num_reg: 10  	lose cover RAM: 62M
[    0.000000]  gran_size: 64K 	chunk_size: 512K 	num_reg: 10  	lose cover RAM: 62M
[    0.000000]  gran_size: 64K 	chunk_size: 1M 	num_reg: 10  	lose cover RAM: 62M
[    0.000000]  gran_size: 64K 	chunk_size: 2M 	num_reg: 10  	lose cover RAM: 62M
[    0.000000]  gran_size: 64K 	chunk_size: 4M 	num_reg: 10  	lose cover RAM: 0G
[    0.000000]  gran_size: 64K 	chunk_size: 8M 	num_reg: 10  	lose cover RAM: 0G
[    0.000000]  gran_size: 64K 	chunk_size: 16M 	num_reg: 10  	lose cover RAM: 0G
[    0.000000]  gran_size: 64K 	chunk_size: 32M 	num_reg: 10  	lose cover RAM: 0G
[    0.000000]  gran_size: 64K 	chunk_size: 64M 	num_reg: 10  	lose cover RAM: 0G
[    0.000000]  gran_size: 64K 	chunk_size: 128M 	num_reg: 10  	lose cover RAM: 0G
[    0.000000]  gran_size: 64K 	chunk_size: 256M 	num_reg: 10  	lose cover RAM: 0G
[    0.000000] *BAD*gran_size: 64K 	chunk_size: 512M 	num_reg: 10  	lose cover RAM: -256M
[    0.000000]  gran_size: 64K 	chunk_size: 1G 	num_reg: 10  	lose cover RAM: 0G
[    0.000000] *BAD*gran_size: 64K 	chunk_size: 2G 	num_reg: 10  	lose cover RAM: -1G
[    0.000000]  gran_size: 128K 	chunk_size: 128K 	num_reg: 10  	lose cover RAM: 62M
[    0.000000]  gran_size: 128K 	chunk_size: 256K 	num_reg: 10  	lose cover RAM: 62M
[    0.000000]  gran_size: 128K 	chunk_size: 512K 	num_reg: 10  	lose cover RAM: 62M
[    0.000000]  gran_size: 128K 	chunk_size: 1M 	num_reg: 10  	lose cover RAM: 62M
[    0.000000]  gran_size: 128K 	chunk_size: 2M 	num_reg: 10  	lose cover RAM: 62M
[    0.000000]  gran_size: 128K 	chunk_size: 4M 	num_reg: 10  	lose cover RAM: 0G
[    0.000000]  gran_size: 128K 	chunk_size: 8M 	num_reg: 10  	lose cover RAM: 0G
[    0.000000]  gran_size: 128K 	chunk_size: 16M 	num_reg: 10  	lose cover RAM: 0G
[    0.000000]  gran_size: 128K 	chunk_size: 32M 	num_reg: 10  	lose cover RAM: 0G
[    0.000000]  gran_size: 128K 	chunk_size: 64M 	num_reg: 10  	lose cover RAM: 0G
[    0.000000]  gran_size: 128K 	chunk_size: 128M 	num_reg: 10  	lose cover RAM: 0G
[    0.000000]  gran_size: 128K 	chunk_size: 256M 	num_reg: 10  	lose cover RAM: 0G
[    0.000000] *BAD*gran_size: 128K 	chunk_size: 512M 	num_reg: 10  	lose cover RAM: -256M
[    0.000000]  gran_size: 128K 	chunk_size: 1G 	num_reg: 10  	lose cover RAM: 0G
[    0.000000] *BAD*gran_size: 128K 	chunk_size: 2G 	num_reg: 10  	lose cover RAM: -1G
[    0.000000]  gran_size: 256K 	chunk_size: 256K 	num_reg: 10  	lose cover RAM: 62M
[    0.000000]  gran_size: 256K 	chunk_size: 512K 	num_reg: 10  	lose cover RAM: 62M
[    0.000000]  gran_size: 256K 	chunk_size: 1M 	num_reg: 10  	lose cover RAM: 62M
[    0.000000]  gran_size: 256K 	chunk_size: 2M 	num_reg: 10  	lose cover RAM: 62M
[    0.000000]  gran_size: 256K 	chunk_size: 4M 	num_reg: 10  	lose cover RAM: 0G
[    0.000000]  gran_size: 256K 	chunk_size: 8M 	num_reg: 10  	lose cover RAM: 0G
[    0.000000]  gran_size: 256K 	chunk_size: 16M 	num_reg: 10  	lose cover RAM: 0G
[    0.000000]  gran_size: 256K 	chunk_size: 32M 	num_reg: 10  	lose cover RAM: 0G
[    0.000000]  gran_size: 256K 	chunk_size: 64M 	num_reg: 10  	lose cover RAM: 0G
[    0.000000]  gran_size: 256K 	chunk_size: 128M 	num_reg: 10  	lose cover RAM: 0G
[    0.000000]  gran_size: 256K 	chunk_size: 256M 	num_reg: 10  	lose cover RAM: 0G
[    0.000000] *BAD*gran_size: 256K 	chunk_size: 512M 	num_reg: 10  	lose cover RAM: -256M
[    0.000000]  gran_size: 256K 	chunk_size: 1G 	num_reg: 10  	lose cover RAM: 0G
[    0.000000] *BAD*gran_size: 256K 	chunk_size: 2G 	num_reg: 10  	lose cover RAM: -1G
[    0.000000]  gran_size: 512K 	chunk_size: 512K 	num_reg: 10  	lose cover RAM: 62M
[    0.000000]  gran_size: 512K 	chunk_size: 1M 	num_reg: 10  	lose cover RAM: 62M
[    0.000000]  gran_size: 512K 	chunk_size: 2M 	num_reg: 10  	lose cover RAM: 62M
[    0.000000]  gran_size: 512K 	chunk_size: 4M 	num_reg: 10  	lose cover RAM: 0G
[    0.000000]  gran_size: 512K 	chunk_size: 8M 	num_reg: 10  	lose cover RAM: 0G
[    0.000000]  gran_size: 512K 	chunk_size: 16M 	num_reg: 10  	lose cover RAM: 0G
[    0.000000]  gran_size: 512K 	chunk_size: 32M 	num_reg: 10  	lose cover RAM: 0G
[    0.000000]  gran_size: 512K 	chunk_size: 64M 	num_reg: 10  	lose cover RAM: 0G
[    0.000000]  gran_size: 512K 	chunk_size: 128M 	num_reg: 10  	lose cover RAM: 0G
[    0.000000]  gran_size: 512K 	chunk_size: 256M 	num_reg: 10  	lose cover RAM: 0G
[    0.000000] *BAD*gran_size: 512K 	chunk_size: 512M 	num_reg: 10  	lose cover RAM: -256M
[    0.000000]  gran_size: 512K 	chunk_size: 1G 	num_reg: 10  	lose cover RAM: 0G
[    0.000000] *BAD*gran_size: 512K 	chunk_size: 2G 	num_reg: 10  	lose cover RAM: -1G
[    0.000000]  gran_size: 1M 	chunk_size: 1M 	num_reg: 10  	lose cover RAM: 62M
[    0.000000]  gran_size: 1M 	chunk_size: 2M 	num_reg: 10  	lose cover RAM: 62M
[    0.000000]  gran_size: 1M 	chunk_size: 4M 	num_reg: 10  	lose cover RAM: 0G
[    0.000000]  gran_size: 1M 	chunk_size: 8M 	num_reg: 10  	lose cover RAM: 0G
[    0.000000]  gran_size: 1M 	chunk_size: 16M 	num_reg: 10  	lose cover RAM: 0G
[    0.000000]  gran_size: 1M 	chunk_size: 32M 	num_reg: 10  	lose cover RAM: 0G
[    0.000000]  gran_size: 1M 	chunk_size: 64M 	num_reg: 10  	lose cover RAM: 0G
[    0.000000]  gran_size: 1M 	chunk_size: 128M 	num_reg: 10  	lose cover RAM: 0G
[    0.000000]  gran_size: 1M 	chunk_size: 256M 	num_reg: 10  	lose cover RAM: 0G
[    0.000000] *BAD*gran_size: 1M 	chunk_size: 512M 	num_reg: 10  	lose cover RAM: -256M
[    0.000000]  gran_size: 1M 	chunk_size: 1G 	num_reg: 10  	lose cover RAM: 0G
[    0.000000] *BAD*gran_size: 1M 	chunk_size: 2G 	num_reg: 10  	lose cover RAM: -1G
[    0.000000]  gran_size: 2M 	chunk_size: 2M 	num_reg: 10  	lose cover RAM: 62M
[    0.000000]  gran_size: 2M 	chunk_size: 4M 	num_reg: 10  	lose cover RAM: 0G
[    0.000000]  gran_size: 2M 	chunk_size: 8M 	num_reg: 10  	lose cover RAM: 0G
[    0.000000]  gran_size: 2M 	chunk_size: 16M 	num_reg: 10  	lose cover RAM: 0G
[    0.000000]  gran_size: 2M 	chunk_size: 32M 	num_reg: 10  	lose cover RAM: 0G
[    0.000000]  gran_size: 2M 	chunk_size: 64M 	num_reg: 10  	lose cover RAM: 0G
[    0.000000]  gran_size: 2M 	chunk_size: 128M 	num_reg: 10  	lose cover RAM: 0G
[    0.000000]  gran_size: 2M 	chunk_size: 256M 	num_reg: 10  	lose cover RAM: 0G
[    0.000000] *BAD*gran_size: 2M 	chunk_size: 512M 	num_reg: 10  	lose cover RAM: -256M
[    0.000000]  gran_size: 2M 	chunk_size: 1G 	num_reg: 10  	lose cover RAM: 0G
[    0.000000] *BAD*gran_size: 2M 	chunk_size: 2G 	num_reg: 10  	lose cover RAM: -1G
[    0.000000]  gran_size: 4M 	chunk_size: 4M 	num_reg: 10  	lose cover RAM: 62M
[    0.000000]  gran_size: 4M 	chunk_size: 8M 	num_reg: 10  	lose cover RAM: 2M
[    0.000000]  gran_size: 4M 	chunk_size: 16M 	num_reg: 10  	lose cover RAM: 2M
[    0.000000]  gran_size: 4M 	chunk_size: 32M 	num_reg: 10  	lose cover RAM: 2M
[    0.000000]  gran_size: 4M 	chunk_size: 64M 	num_reg: 10  	lose cover RAM: 2M
[    0.000000]  gran_size: 4M 	chunk_size: 128M 	num_reg: 10  	lose cover RAM: 2M
[    0.000000]  gran_size: 4M 	chunk_size: 256M 	num_reg: 10  	lose cover RAM: 2M
[    0.000000] *BAD*gran_size: 4M 	chunk_size: 512M 	num_reg: 10  	lose cover RAM: -254M
[    0.000000]  gran_size: 4M 	chunk_size: 1G 	num_reg: 10  	lose cover RAM: 2M
[    0.000000] *BAD*gran_size: 4M 	chunk_size: 2G 	num_reg: 10  	lose cover RAM: -1022M
[    0.000000]  gran_size: 8M 	chunk_size: 8M 	num_reg: 10  	lose cover RAM: 62M
[    0.000000]  gran_size: 8M 	chunk_size: 16M 	num_reg: 10  	lose cover RAM: 6M
[    0.000000]  gran_size: 8M 	chunk_size: 32M 	num_reg: 10  	lose cover RAM: 6M
[    0.000000]  gran_size: 8M 	chunk_size: 64M 	num_reg: 10  	lose cover RAM: 6M
[    0.000000]  gran_size: 8M 	chunk_size: 128M 	num_reg: 10  	lose cover RAM: 6M
[    0.000000]  gran_size: 8M 	chunk_size: 256M 	num_reg: 10  	lose cover RAM: 6M
[    0.000000] *BAD*gran_size: 8M 	chunk_size: 512M 	num_reg: 10  	lose cover RAM: -250M
[    0.000000]  gran_size: 8M 	chunk_size: 1G 	num_reg: 10  	lose cover RAM: 6M
[    0.000000] *BAD*gran_size: 8M 	chunk_size: 2G 	num_reg: 10  	lose cover RAM: -1018M
[    0.000000]  gran_size: 16M 	chunk_size: 16M 	num_reg: 10  	lose cover RAM: 62M
[    0.000000]  gran_size: 16M 	chunk_size: 32M 	num_reg: 10  	lose cover RAM: 14M
[    0.000000]  gran_size: 16M 	chunk_size: 64M 	num_reg: 10  	lose cover RAM: 14M
[    0.000000]  gran_size: 16M 	chunk_size: 128M 	num_reg: 10  	lose cover RAM: 14M
[    0.000000]  gran_size: 16M 	chunk_size: 256M 	num_reg: 10  	lose cover RAM: 14M
[    0.000000] *BAD*gran_size: 16M 	chunk_size: 512M 	num_reg: 10  	lose cover RAM: -242M
[    0.000000]  gran_size: 16M 	chunk_size: 1G 	num_reg: 10  	lose cover RAM: 14M
[    0.000000] *BAD*gran_size: 16M 	chunk_size: 2G 	num_reg: 10  	lose cover RAM: -1010M
[    0.000000]  gran_size: 32M 	chunk_size: 32M 	num_reg: 10  	lose cover RAM: 46M
[    0.000000]  gran_size: 32M 	chunk_size: 64M 	num_reg: 10  	lose cover RAM: 46M
[    0.000000]  gran_size: 32M 	chunk_size: 128M 	num_reg: 10  	lose cover RAM: 46M
[    0.000000]  gran_size: 32M 	chunk_size: 256M 	num_reg: 10  	lose cover RAM: 46M
[    0.000000] *BAD*gran_size: 32M 	chunk_size: 512M 	num_reg: 10  	lose cover RAM: -210M
[    0.000000]  gran_size: 32M 	chunk_size: 1G 	num_reg: 10  	lose cover RAM: 46M
[    0.000000] *BAD*gran_size: 32M 	chunk_size: 2G 	num_reg: 10  	lose cover RAM: -978M
[    0.000000]  gran_size: 64M 	chunk_size: 64M 	num_reg: 8  	lose cover RAM: 110M
[    0.000000]  gran_size: 64M 	chunk_size: 128M 	num_reg: 8  	lose cover RAM: 110M
[    0.000000]  gran_size: 64M 	chunk_size: 256M 	num_reg: 9  	lose cover RAM: 110M
[    0.000000]  gran_size: 64M 	chunk_size: 512M 	num_reg: 10  	lose cover RAM: 110M
[    0.000000]  gran_size: 64M 	chunk_size: 1G 	num_reg: 9  	lose cover RAM: 110M
[    0.000000]  gran_size: 64M 	chunk_size: 2G 	num_reg: 10  	lose cover RAM: 110M
[    0.000000]  gran_size: 128M 	chunk_size: 128M 	num_reg: 7  	lose cover RAM: 174M
[    0.000000]  gran_size: 128M 	chunk_size: 256M 	num_reg: 9  	lose cover RAM: 174M
[    0.000000]  gran_size: 128M 	chunk_size: 512M 	num_reg: 10  	lose cover RAM: 174M
[    0.000000]  gran_size: 128M 	chunk_size: 1G 	num_reg: 9  	lose cover RAM: 174M
[    0.000000]  gran_size: 128M 	chunk_size: 2G 	num_reg: 10  	lose cover RAM: 174M
[    0.000000]  gran_size: 256M 	chunk_size: 256M 	num_reg: 5  	lose cover RAM: 430M
[    0.000000]  gran_size: 256M 	chunk_size: 512M 	num_reg: 5  	lose cover RAM: 430M
[    0.000000]  gran_size: 256M 	chunk_size: 1G 	num_reg: 6  	lose cover RAM: 430M
[    0.000000]  gran_size: 256M 	chunk_size: 2G 	num_reg: 7  	lose cover RAM: 430M
[    0.000000]  gran_size: 512M 	chunk_size: 512M 	num_reg: 5  	lose cover RAM: 430M
[    0.000000]  gran_size: 512M 	chunk_size: 1G 	num_reg: 6  	lose cover RAM: 430M
[    0.000000]  gran_size: 512M 	chunk_size: 2G 	num_reg: 7  	lose cover RAM: 430M
[    0.000000]  gran_size: 1G 	chunk_size: 1G 	num_reg: 4  	lose cover RAM: 942M
[    0.000000]  gran_size: 1G 	chunk_size: 2G 	num_reg: 4  	lose cover RAM: 942M
[    0.000000]  gran_size: 2G 	chunk_size: 2G 	num_reg: 3  	lose cover RAM: 1966M
[    0.000000] mtrr_cleanup: can not find optimal value
[    0.000000] please specify mtrr_gran_size/mtrr_chunk_size
[    0.000000] e820: update [mem 0xcb000000-0xffffffff] usable ==> reserved
[    0.000000] e820: last_pfn = 0xca000 max_arch_pfn = 0x400000000
[    0.000000] found SMP MP-table at [mem 0x000fd760-0x000fd76f]
[    0.000000] Scanning 1 areas for low memory corruption
[    0.000000] BRK [0x299991000, 0x299991fff] PGTABLE
[    0.000000] BRK [0x299992000, 0x299992fff] PGTABLE
[    0.000000] BRK [0x299993000, 0x299993fff] PGTABLE
[    0.000000] BRK [0x299994000, 0x299994fff] PGTABLE
[    0.000000] BRK [0x299995000, 0x299995fff] PGTABLE
[    0.000000] BRK [0x299996000, 0x299996fff] PGTABLE
[    0.000000] BRK [0x299997000, 0x299997fff] PGTABLE
[    0.000000] BRK [0x299998000, 0x299998fff] PGTABLE
[    0.000000] BRK [0x299999000, 0x299999fff] PGTABLE
[    0.000000] BRK [0x29999a000, 0x29999afff] PGTABLE
[    0.000000] BRK [0x29999b000, 0x29999bfff] PGTABLE
[    0.000000] BRK [0x29999c000, 0x29999cfff] PGTABLE
[    0.000000] RAMDISK: [mem 0x3bc1d000-0x3e1b0fff]
[    0.000000] ACPI: Early table checksum verification disabled
[    0.000000] ACPI: RSDP 0x00000000C8A6A000 000024 (v02 _ASUS_)
[    0.000000] ACPI: XSDT 0x00000000C8A6A080 000084 (v01 _ASUS_ Notebook 01072009 AMI  00010013)
[    0.000000] ACPI: FACP 0x00000000C8A79288 00010C (v05 _ASUS_ Notebook 01072009 AMI  00010013)
[    0.000000] ACPI: DSDT 0x00000000C8A6A198 00F0EE (v02 _ASUS_ Notebook 00000022 INTL 20091112)
[    0.000000] ACPI: FACS 0x00000000C9100080 000040
[    0.000000] ACPI: APIC 0x00000000C8A79398 000092 (v03 _ASUS_ Notebook 01072009 AMI  00010013)
[    0.000000] ACPI: FPDT 0x00000000C8A79430 000044 (v01 _ASUS_ Notebook 01072009 AMI  00010013)
[    0.000000] ACPI: MCFG 0x00000000C8A79478 00003C (v01 _ASUS_ Notebook 01072009 MSFT 00000097)
[    0.000000] ACPI: MSDM 0x00000000C8A794B8 000055 (v03 _ASUS_ Notebook 01072009 AMI  00010013)
[    0.000000] ACPI: SSDT 0x00000000C8A79510 0006E9 (v01 TrmRef PtidDevc 00001000 INTL 20091112)
[    0.000000] ACPI: HPET 0x00000000C8A79C00 000038 (v01 _ASUS_ Notebook 01072009 AMI. 00000005)
[    0.000000] ACPI: SSDT 0x00000000C8A79C38 000342 (v01 SataRe SataTabl 00001000 INTL 20091112)
[    0.000000] ACPI: SSDT 0x00000000C8A79F80 0008E4 (v01 PmRef  Cpu0Ist  00003000 INTL 20051117)
[    0.000000] ACPI: SSDT 0x00000000C8A7A868 000A92 (v01 PmRef  CpuPm    00003000 INTL 20051117)
[    0.000000] ACPI: SSDT 0x00000000C8A7B300 000776 (v01 SgRef  SgTabl   00001000 INTL 20051117)
[    0.000000] ACPI: SSDT 0x00000000C8A7BA78 0013A8 (v01 OptRef OptTabl  00001000 INTL 20051117)
[    0.000000] ACPI: Local APIC address 0xfee00000
[    0.000000] No NUMA configuration found
[    0.000000] Faking a node at [mem 0x0000000000000000-0x000000042fdfffff]
[    0.000000] NODE_DATA(0) allocated [mem 0x42fdc8000-0x42fdf2fff]
[    0.000000] tsc: Fast TSC calibration using PIT
[    0.000000] Zone ranges:
[    0.000000]   DMA      [mem 0x0000000000001000-0x0000000000ffffff]
[    0.000000]   DMA32    [mem 0x0000000001000000-0x00000000ffffffff]
[    0.000000]   Normal   [mem 0x0000000100000000-0x000000042fdfffff]
[    0.000000]   Device   empty
[    0.000000] Movable zone start for each node
[    0.000000] Early memory node ranges
[    0.000000]   node   0: [mem 0x0000000000001000-0x000000000009efff]
[    0.000000]   node   0: [mem 0x0000000000100000-0x000000001fffffff]
[    0.000000]   node   0: [mem 0x0000000020200000-0x0000000040003fff]
[    0.000000]   node   0: [mem 0x0000000040005000-0x00000000c85d5fff]
[    0.000000]   node   0: [mem 0x00000000c9877000-0x00000000c9877fff]
[    0.000000]   node   0: [mem 0x00000000c98bb000-0x00000000c9cc1fff]
[    0.000000]   node   0: [mem 0x00000000c9ff4000-0x00000000c9ffffff]
[    0.000000]   node   0: [mem 0x0000000100000000-0x000000042fdfffff]
[    0.000000] Reserved but unavailable: 98 pages
[    0.000000] Initmem setup node 0 [mem 0x0000000000001000-0x000000042fdfffff]
[    0.000000] On node 0 totalpages: 4162951
[    0.000000]   DMA zone: 64 pages used for memmap
[    0.000000]   DMA zone: 25 pages reserved
[    0.000000]   DMA zone: 3998 pages, LIFO batch:0
[    0.000000]   DMA32 zone: 12768 pages used for memmap
[    0.000000]   DMA32 zone: 817129 pages, LIFO batch:31
[    0.000000]   Normal zone: 52216 pages used for memmap
[    0.000000]   Normal zone: 3341824 pages, LIFO batch:31
[    0.000000] Reserving Intel graphics memory at 0x00000000cb200000-0x00000000cf1fffff
[    0.000000] ACPI: PM-Timer IO Port: 0x408
[    0.000000] ACPI: Local APIC address 0xfee00000
[    0.000000] ACPI: LAPIC_NMI (acpi_id[0xff] high edge lint[0x1])
[    0.000000] IOAPIC[0]: apic_id 2, version 32, address 0xfec00000, GSI 0-23
[    0.000000] ACPI: INT_SRC_OVR (bus 0 bus_irq 0 global_irq 2 dfl dfl)
[    0.000000] ACPI: INT_SRC_OVR (bus 0 bus_irq 9 global_irq 9 high level)
[    0.000000] ACPI: IRQ0 used by override.
[    0.000000] ACPI: IRQ9 used by override.
[    0.000000] Using ACPI (MADT) for SMP configuration information
[    0.000000] ACPI: HPET id: 0x8086a701 base: 0xfed00000
[    0.000000] smpboot: Allowing 8 CPUs, 0 hotplug CPUs
[    0.000000] PM: Registered nosave memory: [mem 0x00000000-0x00000fff]
[    0.000000] PM: Registered nosave memory: [mem 0x0009f000-0x0009ffff]
[    0.000000] PM: Registered nosave memory: [mem 0x000a0000-0x000fffff]
[    0.000000] PM: Registered nosave memory: [mem 0x20000000-0x201fffff]
[    0.000000] PM: Registered nosave memory: [mem 0x40004000-0x40004fff]
[    0.000000] PM: Registered nosave memory: [mem 0x89ec4000-0x89ec4fff]
[    0.000000] PM: Registered nosave memory: [mem 0x89ed0000-0x89ed0fff]
[    0.000000] PM: Registered nosave memory: [mem 0x89ed1000-0x89ed1fff]
[    0.000000] PM: Registered nosave memory: [mem 0x89ee1000-0x89ee1fff]
[    0.000000] PM: Registered nosave memory: [mem 0x89ee2000-0x89ee2fff]
[    0.000000] PM: Registered nosave memory: [mem 0x89ef1000-0x89ef1fff]
[    0.000000] PM: Registered nosave memory: [mem 0xc85d6000-0xc8a65fff]
[    0.000000] PM: Registered nosave memory: [mem 0xc8a66000-0xc8a7cfff]
[    0.000000] PM: Registered nosave memory: [mem 0xc8a7d000-0xc910cfff]
[    0.000000] PM: Registered nosave memory: [mem 0xc910d000-0xc9876fff]
[    0.000000] PM: Registered nosave memory: [mem 0xc9878000-0xc98bafff]
[    0.000000] PM: Registered nosave memory: [mem 0xc9cc2000-0xc9ff3fff]
[    0.000000] PM: Registered nosave memory: [mem 0xca000000-0xcaffffff]
[    0.000000] PM: Registered nosave memory: [mem 0xcb000000-0xcf1fffff]
[    0.000000] PM: Registered nosave memory: [mem 0xcf200000-0xf7ffffff]
[    0.000000] PM: Registered nosave memory: [mem 0xf8000000-0xfbffffff]
[    0.000000] PM: Registered nosave memory: [mem 0xfc000000-0xfebfffff]
[    0.000000] PM: Registered nosave memory: [mem 0xfec00000-0xfec00fff]
[    0.000000] PM: Registered nosave memory: [mem 0xfec01000-0xfecfffff]
[    0.000000] PM: Registered nosave memory: [mem 0xfed00000-0xfed03fff]
[    0.000000] PM: Registered nosave memory: [mem 0xfed04000-0xfed1bfff]
[    0.000000] PM: Registered nosave memory: [mem 0xfed1c000-0xfed1ffff]
[    0.000000] PM: Registered nosave memory: [mem 0xfed20000-0xfedfffff]
[    0.000000] PM: Registered nosave memory: [mem 0xfee00000-0xfee00fff]
[    0.000000] PM: Registered nosave memory: [mem 0xfee01000-0xfeffffff]
[    0.000000] PM: Registered nosave memory: [mem 0xff000000-0xffffffff]
[    0.000000] e820: [mem 0xcf200000-0xf7ffffff] available for PCI devices
[    0.000000] Booting paravirtualized kernel on bare hardware
[    0.000000] clocksource: refined-jiffies: mask: 0xffffffff max_cycles: 0xffffffff, max_idle_ns: 7645519600211568 ns
[    0.000000] random: get_random_bytes called from start_kernel+0x99/0x4fd with crng_init=0
[    0.000000] setup_percpu: NR_CPUS:8192 nr_cpumask_bits:8 nr_cpu_ids:8 nr_node_ids:1
[    0.000000] percpu: Embedded 45 pages/cpu s147456 r8192 d28672 u262144
[    0.000000] pcpu-alloc: s147456 r8192 d28672 u262144 alloc=1*2097152
[    0.000000] pcpu-alloc: [0] 0 1 2 3 4 5 6 7 
[    0.000000] Built 1 zonelists, mobility grouping on.  Total pages: 4097878
[    0.000000] Policy zone: Normal
[    0.000000] Kernel command line: BOOT_IMAGE=/vmlinuz-4.15.0-96-generic root=UUID=f4a3d9f9-ff8a-4c91-9868-6dd663f8b5ad ro quiet splash vt.handoff=1
[    0.000000] Calgary: detecting Calgary via BIOS EBDA area
[    0.000000] Calgary: Unable to locate Rio Grande table in EBDA - bailing!
[    0.000000] Memory: 16063740K/16651804K available (12300K kernel code, 2481K rwdata, 4264K rodata, 2432K init, 2712K bss, 588064K reserved, 0K cma-reserved)
[    0.000000] SLUB: HWalign=64, Order=0-3, MinObjects=0, CPUs=8, Nodes=1
[    0.000000] Kernel/User page tables isolation: enabled
[    0.000000] ftrace: allocating 39351 entries in 154 pages
[    0.000000] Hierarchical RCU implementation.
[    0.000000] 	RCU restricting CPUs from NR_CPUS=8192 to nr_cpu_ids=8.
[    0.000000] 	Tasks RCU enabled.
[    0.000000] RCU: Adjusting geometry for rcu_fanout_leaf=16, nr_cpu_ids=8
[    0.000000] NR_IRQS: 524544, nr_irqs: 488, preallocated irqs: 16
[    0.000000] vt handoff: transparent VT on vt#1
[    0.000000] Console: colour dummy device 80x25
[    0.000000] console [tty0] enabled
[    0.000000] ACPI: Core revision 20170831
[    0.000000] ACPI: 7 ACPI AML tables successfully acquired and loaded
[    0.000000] clocksource: hpet: mask: 0xffffffff max_cycles: 0xffffffff, max_idle_ns: 133484882848 ns
[    0.000000] hpet clockevent registered
[    0.000000] APIC: Switch to symmetric I/O mode setup
[    0.000000] x2apic: IRQ remapping doesn't support X2APIC mode
[    0.000000] ..TIMER: vector=0x30 apic1=0 pin1=2 apic2=-1 pin2=-1
[    0.020000] tsc: Fast TSC calibration using PIT
[    0.024000] tsc: Detected 2294.744 MHz processor
[    0.024000] Calibrating delay loop (skipped), value calculated using timer frequency.. 4589.48 BogoMIPS (lpj=9178976)
[    0.024000] pid_max: default: 32768 minimum: 301
[    0.028033] Security Framework initialized
[    0.028035] Yama: becoming mindful.
[    0.028059] AppArmor: AppArmor initialized
[    0.030495] Dentry cache hash table entries: 2097152 (order: 12, 16777216 bytes)
[    0.031687] Inode-cache hash table entries: 1048576 (order: 11, 8388608 bytes)
[    0.032047] Mount-cache hash table entries: 32768 (order: 6, 262144 bytes)
[    0.032087] Mountpoint-cache hash table entries: 32768 (order: 6, 262144 bytes)
[    0.032312] ENERGY_PERF_BIAS: Set to 'normal', was 'performance'
[    0.032312] ENERGY_PERF_BIAS: View and update with x86_energy_perf_policy(8)
[    0.032326] CPU0: Thermal monitoring enabled (TM1)
[    0.032336] process: using mwait in idle threads
[    0.032339] Last level iTLB entries: 4KB 512, 2MB 8, 4MB 8
[    0.032339] Last level dTLB entries: 4KB 512, 2MB 32, 4MB 32, 1GB 0
[    0.032341] Spectre V1 : Mitigation: usercopy/swapgs barriers and __user pointer sanitization
[    0.032342] Spectre V2 : Mitigation: Full generic retpoline
[    0.032343] Spectre V2 : Spectre v2 / SpectreRSB mitigation: Filling RSB on context switch
[    0.032343] Spectre V2 : Enabling Restricted Speculation for firmware calls
[    0.032352] Spectre V2 : mitigation: Enabling conditional Indirect Branch Prediction Barrier
[    0.032353] Spectre V2 : User space: Mitigation: STIBP via seccomp and prctl
[    0.032354] Speculative Store Bypass: Mitigation: Speculative Store Bypass disabled via prctl and seccomp
[    0.032385] MDS: Mitigation: Clear CPU buffers
[    0.032600] Freeing SMP alternatives memory: 36K
[    0.043951] TSC deadline timer enabled
[    0.043955] smpboot: CPU0: Intel(R) Core(TM) i7-3610QM CPU @ 2.30GHz (family: 0x6, model: 0x3a, stepping: 0x9)
[    0.044000] Performance Events: PEBS fmt1+, IvyBridge events, 16-deep LBR, full-width counters, Intel PMU driver.
[    0.044000] ... version:                3
[    0.044000] ... bit width:              48
[    0.044000] ... generic registers:      4
[    0.044000] ... value mask:             0000ffffffffffff
[    0.044000] ... max period:             00007fffffffffff
[    0.044000] ... fixed-purpose events:   3
[    0.044000] ... event mask:             000000070000000f
[    0.044000] Hierarchical SRCU implementation.
[    0.044000] NMI watchdog: Enabled. Permanently consumes one hw-PMU counter.
[    0.044000] smp: Bringing up secondary CPUs ...
[    0.044000] x86: Booting SMP configuration:
[    0.044000] .... node  #0, CPUs:      #1 #2 #3 #4
[    0.052157] MDS CPU bug present and SMT on, data leak possible. See https://www.kernel.org/doc/html/latest/admin-guide/hw-vuln/mds.html for more details.
[    0.052262]  #5 #6 #7
[    0.058466] smp: Brought up 1 node, 8 CPUs
[    0.058466] smpboot: Max logical packages: 1
[    0.058466] smpboot: Total of 8 processors activated (36715.90 BogoMIPS)
[    0.060466] devtmpfs: initialized
[    0.060466] x86/mm: Memory block size: 128MB
[    0.061290] evm: security.selinux
[    0.061290] evm: security.SMACK64
[    0.061291] evm: security.SMACK64EXEC
[    0.061291] evm: security.SMACK64TRANSMUTE
[    0.061291] evm: security.SMACK64MMAP
[    0.061292] evm: security.apparmor
[    0.061292] evm: security.ima
[    0.061293] evm: security.capability
[    0.061309] PM: Registering ACPI NVS region [mem 0xc8a7d000-0xc910cfff] (6881280 bytes)
[    0.061309] PM: Registering ACPI NVS region [mem 0xc9878000-0xc98bafff] (274432 bytes)
[    0.061309] clocksource: jiffies: mask: 0xffffffff max_cycles: 0xffffffff, max_idle_ns: 7645041785100000 ns
[    0.061309] futex hash table entries: 2048 (order: 5, 131072 bytes)
[    0.061309] pinctrl core: initialized pinctrl subsystem
[    0.061309] RTC time: 12:27:15, date: 04/17/20
[    0.061309] NET: Registered protocol family 16
[    0.061309] audit: initializing netlink subsys (disabled)
[    0.061309] audit: type=2000 audit(1587126435.060:1): state=initialized audit_enabled=0 res=1
[    0.061309] cpuidle: using governor ladder
[    0.061309] cpuidle: using governor menu
[    0.061309] ACPI FADT declares the system doesn't support PCIe ASPM, so disable it
[    0.061309] ACPI: bus type PCI registered
[    0.061309] acpiphp: ACPI Hot Plug PCI Controller Driver version: 0.5
[    0.061309] PCI: MMCONFIG for domain 0000 [bus 00-3f] at [mem 0xf8000000-0xfbffffff] (base 0xf8000000)
[    0.061309] PCI: MMCONFIG at [mem 0xf8000000-0xfbffffff] reserved in E820
[    0.061309] pmd_set_huge: Cannot satisfy [mem 0xf8000000-0xf8200000] with a huge-page mapping due to MTRR override.
[    0.061309] PCI: Using configuration type 1 for base access
[    0.061309] core: PMU erratum BJ122, BV98, HSD29 worked around, HT is on
[    0.064391] HugeTLB registered 2.00 MiB page size, pre-allocated 0 pages
[    0.064391] ACPI: Added _OSI(Module Device)
[    0.064391] ACPI: Added _OSI(Processor Device)
[    0.064391] ACPI: Added _OSI(3.0 _SCP Extensions)
[    0.064391] ACPI: Added _OSI(Processor Aggregator Device)
[    0.064391] ACPI: Added _OSI(Linux-Dell-Video)
[    0.064391] ACPI: Added _OSI(Linux-Lenovo-NV-HDMI-Audio)
[    0.064391] ACPI: Added _OSI(Linux-HPI-Hybrid-Graphics)
[    0.064391] ACPI: Executed 1 blocks of module-level executable AML code
[    0.072754] ACPI: Dynamic OEM Table Load:
[    0.072761] ACPI: SSDT 0xFFFF8B499D274000 00083B (v01 PmRef  Cpu0Cst  00003001 INTL 20051117)
[    0.072972] ACPI: Dynamic OEM Table Load:
[    0.072972] ACPI: SSDT 0xFFFF8B499D090C00 000303 (v01 PmRef  ApIst    00003000 INTL 20051117)
[    0.072972] ACPI: Dynamic OEM Table Load:
[    0.072972] ACPI: SSDT 0xFFFF8B499CCA7C00 000119 (v01 PmRef  ApCst    00003000 INTL 20051117)
[    0.072972] ACPI: EC: EC started
[    0.072972] ACPI: EC: interrupt blocked
[    0.072972] ACPI: \_SB_.PCI0.LPCB.EC0_: Used as first EC
[    0.072972] ACPI: \_SB_.PCI0.LPCB.EC0_: GPE=0x17, EC_CMD/EC_SC=0x66, EC_DATA=0x62
[    0.072972] ACPI: \_SB_.PCI0.LPCB.EC0_: Used as boot DSDT EC to handle transactions
[    0.072972] ACPI: Interpreter enabled
[    0.072972] ACPI: (supports S0 S3 S4 S5)
[    0.072972] ACPI: Using IOAPIC for interrupt routing
[    0.072972] PCI: Using host bridge windows from ACPI; if necessary, use "pci=nocrs" and report a bug
[    0.073125] ACPI: Enabled 16 GPEs in block 00 to 3F
[    0.177969] ACPI: Power Resource [FN00] (off)
[    0.178076] ACPI: Power Resource [FN01] (off)
[    0.178183] ACPI: Power Resource [FN02] (off)
[    0.178288] ACPI: Power Resource [FN03] (off)
[    0.178394] ACPI: Power Resource [FN04] (off)
[    0.179317] ACPI: PCI Root Bridge [PCI0] (domain 0000 [bus 00-3e])
[    0.179323] acpi PNP0A08:00: _OSC: OS supports [ExtendedConfig ASPM ClockPM Segments MSI]
[    0.179736] acpi PNP0A08:00: _OSC: platform does not support [PCIeHotplug PME]
[    0.179995] acpi PNP0A08:00: _OSC: OS now controls [AER PCIeCapability]
[    0.179996] acpi PNP0A08:00: FADT indicates ASPM is unsupported, using BIOS configuration
[    0.180815] PCI host bridge to bus 0000:00
[    0.180818] pci_bus 0000:00: root bus resource [io  0x0000-0x0cf7 window]
[    0.180819] pci_bus 0000:00: root bus resource [io  0x0d00-0xffff window]
[    0.180820] pci_bus 0000:00: root bus resource [mem 0x000a0000-0x000bffff window]
[    0.180821] pci_bus 0000:00: root bus resource [mem 0x000d4000-0x000d7fff window]
[    0.180823] pci_bus 0000:00: root bus resource [mem 0x000d8000-0x000dbfff window]
[    0.180824] pci_bus 0000:00: root bus resource [mem 0x000dc000-0x000dffff window]
[    0.180825] pci_bus 0000:00: root bus resource [mem 0xcf200000-0xfeafffff window]
[    0.180826] pci_bus 0000:00: root bus resource [bus 00-3e]
[    0.180834] pci 0000:00:00.0: [8086:0154] type 00 class 0x060000
[    0.180957] pci 0000:00:01.0: [8086:0151] type 01 class 0x060400
[    0.180995] pci 0000:00:01.0: PME# supported from D0 D3hot D3cold
[    0.181106] pci 0000:00:02.0: [8086:0166] type 00 class 0x030000
[    0.181116] pci 0000:00:02.0: reg 0x10: [mem 0xf7400000-0xf77fffff 64bit]
[    0.181122] pci 0000:00:02.0: reg 0x18: [mem 0xd0000000-0xdfffffff 64bit pref]
[    0.181126] pci 0000:00:02.0: reg 0x20: [io  0xf000-0xf03f]
[    0.181138] pci 0000:00:02.0: BAR 2: assigned to efifb
[    0.181290] pci 0000:00:14.0: [8086:1e31] type 00 class 0x0c0330
[    0.181315] pci 0000:00:14.0: reg 0x10: [mem 0xf7900000-0xf790ffff 64bit]
[    0.181390] pci 0000:00:14.0: PME# supported from D3hot D3cold
[    0.181495] pci 0000:00:16.0: [8086:1e3a] type 00 class 0x078000
[    0.181522] pci 0000:00:16.0: reg 0x10: [mem 0xf791a000-0xf791a00f 64bit]
[    0.181599] pci 0000:00:16.0: PME# supported from D0 D3hot D3cold
[    0.181707] pci 0000:00:1a.0: [8086:1e2d] type 00 class 0x0c0320
[    0.181729] pci 0000:00:1a.0: reg 0x10: [mem 0xf7918000-0xf79183ff]
[    0.181816] pci 0000:00:1a.0: PME# supported from D0 D3hot D3cold
[    0.181921] pci 0000:00:1b.0: [8086:1e20] type 00 class 0x040300
[    0.181942] pci 0000:00:1b.0: reg 0x10: [mem 0xf7910000-0xf7913fff 64bit]
[    0.182010] pci 0000:00:1b.0: PME# supported from D0 D3hot D3cold
[    0.182123] pci 0000:00:1c.0: [8086:1e10] type 01 class 0x060400
[    0.182211] pci 0000:00:1c.0: PME# supported from D0 D3hot D3cold
[    0.182322] pci 0000:00:1c.1: [8086:1e12] type 01 class 0x060400
[    0.182409] pci 0000:00:1c.1: PME# supported from D0 D3hot D3cold
[    0.182525] pci 0000:00:1d.0: [8086:1e26] type 00 class 0x0c0320
[    0.182548] pci 0000:00:1d.0: reg 0x10: [mem 0xf7917000-0xf79173ff]
[    0.182636] pci 0000:00:1d.0: PME# supported from D0 D3hot D3cold
[    0.182742] pci 0000:00:1f.0: [8086:1e59] type 00 class 0x060100
[    0.182948] pci 0000:00:1f.2: [8086:1e03] type 00 class 0x010601
[    0.182968] pci 0000:00:1f.2: reg 0x10: [io  0xf0b0-0xf0b7]
[    0.182976] pci 0000:00:1f.2: reg 0x14: [io  0xf0a0-0xf0a3]
[    0.182984] pci 0000:00:1f.2: reg 0x18: [io  0xf090-0xf097]
[    0.182992] pci 0000:00:1f.2: reg 0x1c: [io  0xf080-0xf083]
[    0.183000] pci 0000:00:1f.2: reg 0x20: [io  0xf060-0xf07f]
[    0.183007] pci 0000:00:1f.2: reg 0x24: [mem 0xf7916000-0xf79167ff]
[    0.183049] pci 0000:00:1f.2: PME# supported from D3hot
[    0.183150] pci 0000:00:1f.3: [8086:1e22] type 00 class 0x0c0500
[    0.183170] pci 0000:00:1f.3: reg 0x10: [mem 0xf7915000-0xf79150ff 64bit]
[    0.183191] pci 0000:00:1f.3: reg 0x20: [io  0xf040-0xf05f]
[    0.183361] pci 0000:01:00.0: [10de:0de3] type 00 class 0x030000
[    0.183378] pci 0000:01:00.0: reg 0x10: [mem 0xf6000000-0xf6ffffff]
[    0.183389] pci 0000:01:00.0: reg 0x14: [mem 0xe0000000-0xefffffff 64bit pref]
[    0.183399] pci 0000:01:00.0: reg 0x1c: [mem 0xf0000000-0xf1ffffff 64bit pref]
[    0.183407] pci 0000:01:00.0: reg 0x24: [io  0xe000-0xe07f]
[    0.183414] pci 0000:01:00.0: reg 0x30: [mem 0xf7000000-0xf707ffff pref]
[    0.183420] pci 0000:01:00.0: enabling Extended Tags
[    0.183430] pci 0000:01:00.0: Enabling HDA controller
[    0.183589] pci 0000:01:00.1: [10de:0bea] type 00 class 0x040300
[    0.183603] pci 0000:01:00.1: reg 0x10: [mem 0xf7080000-0xf7083fff]
[    0.183635] pci 0000:01:00.1: enabling Extended Tags
[    0.196038] pci 0000:00:01.0: PCI bridge to [bus 01]
[    0.196041] pci 0000:00:01.0:   bridge window [io  0xe000-0xefff]
[    0.196043] pci 0000:00:01.0:   bridge window [mem 0xf6000000-0xf70fffff]
[    0.196045] pci 0000:00:01.0:   bridge window [mem 0xe0000000-0xf1ffffff 64bit pref]
[    0.196177] pci 0000:02:00.0: [10ec:8168] type 00 class 0x020000
[    0.196304] pci 0000:02:00.0: reg 0x10: [io  0xd000-0xd0ff]
[    0.196427] pci 0000:02:00.0: reg 0x18: [mem 0xf2104000-0xf2104fff 64bit pref]
[    0.196501] pci 0000:02:00.0: reg 0x20: [mem 0xf2100000-0xf2103fff 64bit pref]
[    0.196877] pci 0000:02:00.0: supports D1 D2
[    0.196878] pci 0000:02:00.0: PME# supported from D0 D1 D2 D3hot D3cold
[    0.212092] pci 0000:00:1c.0: PCI bridge to [bus 02]
[    0.212096] pci 0000:00:1c.0:   bridge window [io  0xd000-0xdfff]
[    0.212100] pci 0000:00:1c.0:   bridge window [mem 0xf2100000-0xf21fffff]
[    0.212220] pci 0000:03:00.0: [8086:0887] type 00 class 0x028000
[    0.212286] pci 0000:03:00.0: reg 0x10: [mem 0xf7800000-0xf7801fff 64bit]
[    0.212538] pci 0000:03:00.0: PME# supported from D0 D3hot D3cold
[    0.228092] pci 0000:00:1c.1: PCI bridge to [bus 03]
[    0.228099] pci 0000:00:1c.1:   bridge window [mem 0xf7800000-0xf78fffff]
[    0.320425] ACPI: PCI Interrupt Link [LNKA] (IRQs 3 4 5 6 10 *11 12 14 15)
[    0.320509] ACPI: PCI Interrupt Link [LNKB] (IRQs 3 4 5 6 *10 11 12 14 15)
[    0.320591] ACPI: PCI Interrupt Link [LNKC] (IRQs 3 4 5 6 10 *11 12 14 15)
[    0.320672] ACPI: PCI Interrupt Link [LNKD] (IRQs 3 4 *5 6 10 11 12 14 15)
[    0.320753] ACPI: PCI Interrupt Link [LNKE] (IRQs 3 4 5 6 10 11 12 14 15) *0, disabled.
[    0.320834] ACPI: PCI Interrupt Link [LNKF] (IRQs 3 4 5 6 10 11 12 14 15) *0, disabled.
[    0.320916] ACPI: PCI Interrupt Link [LNKG] (IRQs *3 4 5 6 10 11 12 14 15)
[    0.320999] ACPI: PCI Interrupt Link [LNKH] (IRQs 3 *4 5 6 10 11 12 14 15)
[    0.324002] ACPI: EC: interrupt unblocked
[    0.324002] ACPI: EC: event unblocked
[    0.324002] ACPI: \_SB_.PCI0.LPCB.EC0_: GPE=0x17, EC_CMD/EC_SC=0x66, EC_DATA=0x62
[    0.324002] ACPI: \_SB_.PCI0.LPCB.EC0_: Used as boot DSDT EC to handle transactions and events
[    0.324002] SCSI subsystem initialized
[    0.324018] libata version 3.00 loaded.
[    0.324034] pci 0000:00:02.0: vgaarb: setting as boot VGA device
[    0.324034] pci 0000:00:02.0: vgaarb: VGA device added: decodes=io+mem,owns=io+mem,locks=none
[    0.324034] pci 0000:01:00.0: vgaarb: VGA device added: decodes=io+mem,owns=none,locks=none
[    0.324034] pci 0000:00:02.0: vgaarb: no bridge control possible
[    0.324034] pci 0000:01:00.0: vgaarb: bridge control possible
[    0.324034] vgaarb: loaded
[    0.324043] ACPI: bus type USB registered
[    0.324057] usbcore: registered new interface driver usbfs
[    0.324064] usbcore: registered new interface driver hub
[    0.324087] usbcore: registered new device driver usb
[    0.324125] EDAC MC: Ver: 3.0.0
[    0.324125] Registered efivars operations
[    0.324125] PCI: Using ACPI for IRQ routing
[    0.325635] PCI: pci_cache_line_size set to 64 bytes
[    0.325733] e820: reserve RAM buffer [mem 0x0009f000-0x0009ffff]
[    0.325734] e820: reserve RAM buffer [mem 0x40004000-0x43ffffff]
[    0.325735] e820: reserve RAM buffer [mem 0x89ec4018-0x8bffffff]
[    0.325736] e820: reserve RAM buffer [mem 0x89ed1018-0x8bffffff]
[    0.325737] e820: reserve RAM buffer [mem 0x89ee2018-0x8bffffff]
[    0.325738] e820: reserve RAM buffer [mem 0xc85d6000-0xcbffffff]
[    0.325740] e820: reserve RAM buffer [mem 0xc9878000-0xcbffffff]
[    0.325741] e820: reserve RAM buffer [mem 0xc9cc2000-0xcbffffff]
[    0.325742] e820: reserve RAM buffer [mem 0xca000000-0xcbffffff]
[    0.325743] e820: reserve RAM buffer [mem 0x42fe00000-0x42fffffff]
[    0.325823] NetLabel: Initializing
[    0.325823] NetLabel:  domain hash size = 128
[    0.325823] NetLabel:  protocols = UNLABELED CIPSOv4 CALIPSO
[    0.325823] NetLabel:  unlabeled traffic allowed by default
[    0.325823] hpet0: at MMIO 0xfed00000, IRQs 2, 8, 0, 0, 0, 0, 0, 0
[    0.325823] hpet0: 8 comparators, 64-bit 14.318180 MHz counter
[    0.328004] clocksource: Switched to clocksource hpet
[    0.339086] VFS: Disk quotas dquot_6.6.0
[    0.339104] VFS: Dquot-cache hash table entries: 512 (order 0, 4096 bytes)
[    0.339201] AppArmor: AppArmor Filesystem Enabled
[    0.339234] pnp: PnP ACPI init
[    0.339377] system 00:00: [mem 0xfed40000-0xfed44fff] has been reserved
[    0.339383] system 00:00: Plug and Play ACPI device, IDs PNP0c01 (active)
[    0.339488] system 00:01: [io  0x0680-0x069f] has been reserved
[    0.339490] system 00:01: [io  0x1000-0x100f] has been reserved
[    0.339491] system 00:01: [io  0xffff] has been reserved
[    0.339492] system 00:01: [io  0xffff] has been reserved
[    0.339494] system 00:01: [io  0x0400-0x0453] has been reserved
[    0.339495] system 00:01: [io  0x0458-0x047f] has been reserved
[    0.339496] system 00:01: [io  0x0500-0x057f] has been reserved
[    0.339498] system 00:01: [io  0x164e-0x164f] has been reserved
[    0.339502] system 00:01: Plug and Play ACPI device, IDs PNP0c02 (active)
[    0.339527] pnp 00:02: Plug and Play ACPI device, IDs PNP0b00 (active)
[    0.339591] system 00:03: [io  0x0454-0x0457] has been reserved
[    0.339595] system 00:03: Plug and Play ACPI device, IDs INT3f0d PNP0c02 (active)
[    0.339659] system 00:04: [io  0x04d0-0x04d1] has been reserved
[    0.339661] system 00:04: [mem 0xff000000-0xff000fff] has been reserved
[    0.339665] system 00:04: Plug and Play ACPI device, IDs PNP0c02 (active)
[    0.339742] pnp 00:05: Plug and Play ACPI device, IDs ETD010a PNP0f13 (active)
[    0.339787] pnp 00:06: Plug and Play ACPI device, IDs ATK3001 PNP030b (active)
[    0.420389] system 00:07: [mem 0xfed1c000-0xfed1ffff] has been reserved
[    0.420391] system 00:07: [mem 0xfed10000-0xfed17fff] has been reserved
[    0.420392] system 00:07: [mem 0xfed18000-0xfed18fff] has been reserved
[    0.420393] system 00:07: [mem 0xfed19000-0xfed19fff] has been reserved
[    0.420395] system 00:07: [mem 0xf8000000-0xfbffffff] has been reserved
[    0.420396] system 00:07: [mem 0xfed20000-0xfed3ffff] has been reserved
[    0.420398] system 00:07: [mem 0xfed90000-0xfed93fff] has been reserved
[    0.420399] system 00:07: [mem 0xfed45000-0xfed8ffff] has been reserved
[    0.420400] system 00:07: [mem 0xff010000-0xffffffff] has been reserved
[    0.420402] system 00:07: [mem 0xfee00000-0xfeefffff] could not be reserved
[    0.420403] system 00:07: [mem 0xcf200000-0xcf200fff] has been reserved
[    0.420407] system 00:07: Plug and Play ACPI device, IDs PNP0c02 (active)
[    0.420635] system 00:08: [mem 0x20000000-0x201fffff] has been reserved
[    0.420636] system 00:08: [mem 0x40004000-0x40004fff] has been reserved
[    0.420640] system 00:08: Plug and Play ACPI device, IDs PNP0c01 (active)
[    0.420702] pnp: PnP ACPI: found 9 devices
[    0.427005] clocksource: acpi_pm: mask: 0xffffff max_cycles: 0xffffff, max_idle_ns: 2085701024 ns
[    0.427032] pci 0000:00:01.0: PCI bridge to [bus 01]
[    0.427034] pci 0000:00:01.0:   bridge window [io  0xe000-0xefff]
[    0.427037] pci 0000:00:01.0:   bridge window [mem 0xf6000000-0xf70fffff]
[    0.427039] pci 0000:00:01.0:   bridge window [mem 0xe0000000-0xf1ffffff 64bit pref]
[    0.427042] pci 0000:00:1c.0: PCI bridge to [bus 02]
[    0.427045] pci 0000:00:1c.0:   bridge window [io  0xd000-0xdfff]
[    0.427050] pci 0000:00:1c.0:   bridge window [mem 0xf2100000-0xf21fffff]
[    0.427058] pci 0000:00:1c.1: PCI bridge to [bus 03]
[    0.427063] pci 0000:00:1c.1:   bridge window [mem 0xf7800000-0xf78fffff]
[    0.427072] pci_bus 0000:00: resource 4 [io  0x0000-0x0cf7 window]
[    0.427073] pci_bus 0000:00: resource 5 [io  0x0d00-0xffff window]
[    0.427075] pci_bus 0000:00: resource 6 [mem 0x000a0000-0x000bffff window]
[    0.427076] pci_bus 0000:00: resource 7 [mem 0x000d4000-0x000d7fff window]
[    0.427077] pci_bus 0000:00: resource 8 [mem 0x000d8000-0x000dbfff window]
[    0.427078] pci_bus 0000:00: resource 9 [mem 0x000dc000-0x000dffff window]
[    0.427079] pci_bus 0000:00: resource 10 [mem 0xcf200000-0xfeafffff window]
[    0.427080] pci_bus 0000:01: resource 0 [io  0xe000-0xefff]
[    0.427081] pci_bus 0000:01: resource 1 [mem 0xf6000000-0xf70fffff]
[    0.427083] pci_bus 0000:01: resource 2 [mem 0xe0000000-0xf1ffffff 64bit pref]
[    0.427084] pci_bus 0000:02: resource 0 [io  0xd000-0xdfff]
[    0.427085] pci_bus 0000:02: resource 1 [mem 0xf2100000-0xf21fffff]
[    0.427086] pci_bus 0000:03: resource 1 [mem 0xf7800000-0xf78fffff]
[    0.427234] NET: Registered protocol family 2
[    0.427409] TCP established hash table entries: 131072 (order: 8, 1048576 bytes)
[    0.427620] TCP bind hash table entries: 65536 (order: 8, 1048576 bytes)
[    0.427729] TCP: Hash tables configured (established 131072 bind 65536)
[    0.427769] UDP hash table entries: 8192 (order: 6, 262144 bytes)
[    0.427811] UDP-Lite hash table entries: 8192 (order: 6, 262144 bytes)
[    0.427886] NET: Registered protocol family 1
[    0.427900] pci 0000:00:02.0: Video device with shadowed ROM at [mem 0x000c0000-0x000dffff]
[    0.476182] PCI: CLS mismatch (64 != 32), using 64 bytes
[    0.476219] Unpacking initramfs...
[    1.033825] Freeing initrd memory: 38480K
[    1.033884] PCI-DMA: Using software bounce buffering for IO (SWIOTLB)
[    1.033885] software IO TLB: mapped [mem 0xb50ef000-0xb90ef000] (64MB)
[    1.034278] Scanning for low memory corruption every 60 seconds
[    1.034990] Initialise system trusted keyrings
[    1.035000] Key type blacklist registered
[    1.035041] workingset: timestamp_bits=36 max_order=22 bucket_order=0
[    1.036151] zbud: loaded
[    1.036675] squashfs: version 4.0 (2009/01/31) Phillip Lougher
[    1.036810] fuse init (API version 7.26)
[    1.038470] Key type asymmetric registered
[    1.038471] Asymmetric key parser 'x509' registered
[    1.038500] Block layer SCSI generic (bsg) driver version 0.4 loaded (major 246)
[    1.038543] io scheduler noop registered
[    1.038544] io scheduler deadline registered
[    1.038568] io scheduler cfq registered (default)
[    1.039290] efifb: probing for efifb
[    1.039308] efifb: framebuffer at 0xd0000000, using 5628k, total 5625k
[    1.039309] efifb: mode is 1600x900x32, linelength=6400, pages=1
[    1.039309] efifb: scrolling: redraw
[    1.039310] efifb: Truecolor: size=8:8:8:8, shift=24:16:8:0
[    1.039406] Console: switching to colour frame buffer device 200x56
[    1.039429] fb0: EFI VGA frame buffer device
[    1.039437] intel_idle: MWAIT substates: 0x21120
[    1.039438] intel_idle: v0.4.1 model 0x3A
[    1.039726] intel_idle: lapic_timer_reliable_states 0xffffffff
[    1.120080] ACPI: AC Adapter [ACAD] (on-line)
[    1.120173] input: Power Button as /devices/LNXSYSTM:00/LNXSYBUS:00/PNP0C0C:00/input/input0
[    1.120182] ACPI: Power Button [PWRB]
[    1.120213] input: Lid Switch as /devices/LNXSYSTM:00/LNXSYBUS:00/PNP0C0D:00/input/input1
[    1.120251] ACPI: Lid Switch [LID0]
[    1.120282] input: Sleep Button as /devices/LNXSYSTM:00/LNXSYBUS:00/PNP0C0E:00/input/input2
[    1.120291] ACPI: Sleep Button [SLPB]
[    1.120322] input: Power Button as /devices/LNXSYSTM:00/LNXPWRBN:00/input/input3
[    1.120402] ACPI: Power Button [PWRF]
[    1.121371] (NULL device *): hwmon_device_register() is deprecated. Please convert the driver to use hwmon_device_register_with_info().
[    1.121478] thermal LNXTHERM:00: registered as thermal_zone0
[    1.121479] ACPI: Thermal Zone [TZ00] (28 C)
[    1.122039] thermal LNXTHERM:01: registered as thermal_zone1
[    1.122040] ACPI: Thermal Zone [TZ01] (54 C)
[    1.122256] Serial: 8250/16550 driver, 32 ports, IRQ sharing enabled
[    1.400072] [Firmware Bug]: battery: (dis)charge rate invalid.
[    1.400109] ACPI: Battery Slot [BAT1] (battery present)
[    1.400329] Linux agpgart interface v0.103
[    1.402688] loop: module loaded
[    1.402848] libphy: Fixed MDIO Bus: probed
[    1.402849] tun: Universal TUN/TAP device driver, 1.6
[    1.402883] PPP generic driver version 2.4.2
[    1.402925] ehci_hcd: USB 2.0 'Enhanced' Host Controller (EHCI) Driver
[    1.402927] ehci-pci: EHCI PCI platform driver
[    1.403062] ehci-pci 0000:00:1a.0: EHCI Host Controller
[    1.403068] ehci-pci 0000:00:1a.0: new USB bus registered, assigned bus number 1
[    1.403080] ehci-pci 0000:00:1a.0: debug port 2
[    1.406996] ehci-pci 0000:00:1a.0: cache line size of 64 is not supported
[    1.407009] ehci-pci 0000:00:1a.0: irq 16, io mem 0xf7918000
[    1.420022] ehci-pci 0000:00:1a.0: USB 2.0 started, EHCI 1.00
[    1.420062] usb usb1: New USB device found, idVendor=1d6b, idProduct=0002
[    1.420063] usb usb1: New USB device strings: Mfr=3, Product=2, SerialNumber=1
[    1.420064] usb usb1: Product: EHCI Host Controller
[    1.420065] usb usb1: Manufacturer: Linux 4.15.0-96-generic ehci_hcd
[    1.420066] usb usb1: SerialNumber: 0000:00:1a.0
[    1.420217] hub 1-0:1.0: USB hub found
[    1.420222] hub 1-0:1.0: 2 ports detected
[    1.420482] ehci-pci 0000:00:1d.0: EHCI Host Controller
[    1.420487] ehci-pci 0000:00:1d.0: new USB bus registered, assigned bus number 2
[    1.420497] ehci-pci 0000:00:1d.0: debug port 2
[    1.424389] ehci-pci 0000:00:1d.0: cache line size of 64 is not supported
[    1.424398] ehci-pci 0000:00:1d.0: irq 23, io mem 0xf7917000
[    1.440020] ehci-pci 0000:00:1d.0: USB 2.0 started, EHCI 1.00
[    1.440048] usb usb2: New USB device found, idVendor=1d6b, idProduct=0002
[    1.440050] usb usb2: New USB device strings: Mfr=3, Product=2, SerialNumber=1
[    1.440051] usb usb2: Product: EHCI Host Controller
[    1.440052] usb usb2: Manufacturer: Linux 4.15.0-96-generic ehci_hcd
[    1.440053] usb usb2: SerialNumber: 0000:00:1d.0
[    1.440187] hub 2-0:1.0: USB hub found
[    1.440192] hub 2-0:1.0: 2 ports detected
[    1.440328] ehci-platform: EHCI generic platform driver
[    1.440340] ohci_hcd: USB 1.1 'Open' Host Controller (OHCI) Driver
[    1.440343] ohci-pci: OHCI PCI platform driver
[    1.440351] ohci-platform: OHCI generic platform driver
[    1.440358] uhci_hcd: USB Universal Host Controller Interface driver
[    1.440483] xhci_hcd 0000:00:14.0: xHCI Host Controller
[    1.440488] xhci_hcd 0000:00:14.0: new USB bus registered, assigned bus number 3
[    1.441577] xhci_hcd 0000:00:14.0: hcc params 0x20007181 hci version 0x100 quirks 0x000000000000b930
[    1.441582] xhci_hcd 0000:00:14.0: cache line size of 64 is not supported
[    1.441711] usb usb3: New USB device found, idVendor=1d6b, idProduct=0002
[    1.441712] usb usb3: New USB device strings: Mfr=3, Product=2, SerialNumber=1
[    1.441713] usb usb3: Product: xHCI Host Controller
[    1.441714] usb usb3: Manufacturer: Linux 4.15.0-96-generic xhci-hcd
[    1.441715] usb usb3: SerialNumber: 0000:00:14.0
[    1.441910] hub 3-0:1.0: USB hub found
[    1.441921] hub 3-0:1.0: 4 ports detected
[    1.442365] xhci_hcd 0000:00:14.0: xHCI Host Controller
[    1.442368] xhci_hcd 0000:00:14.0: new USB bus registered, assigned bus number 4
[    1.442371] xhci_hcd 0000:00:14.0: Host supports USB 3.0  SuperSpeed
[    1.442403] usb usb4: New USB device found, idVendor=1d6b, idProduct=0003
[    1.442405] usb usb4: New USB device strings: Mfr=3, Product=2, SerialNumber=1
[    1.442406] usb usb4: Product: xHCI Host Controller
[    1.442407] usb usb4: Manufacturer: Linux 4.15.0-96-generic xhci-hcd
[    1.442408] usb usb4: SerialNumber: 0000:00:14.0
[    1.442607] hub 4-0:1.0: USB hub found
[    1.442618] hub 4-0:1.0: 4 ports detected
[    1.443111] i8042: PNP: PS/2 Controller [PNP030b:PS2K,PNP0f13:PS2M] at 0x60,0x64 irq 1,12
[    1.455077] serio: i8042 KBD port at 0x60,0x64 irq 1
[    1.455081] serio: i8042 AUX port at 0x60,0x64 irq 12
[    1.455261] mousedev: PS/2 mouse device common for all mice
[    1.455603] rtc_cmos 00:02: RTC can wake from S4
[    1.455729] rtc_cmos 00:02: rtc core: registered rtc_cmos as rtc0
[    1.455754] rtc_cmos 00:02: alarms up to one month, y3k, 242 bytes nvram, hpet irqs
[    1.455761] i2c /dev entries driver
[    1.455806] device-mapper: uevent: version 1.0.3
[    1.455872] device-mapper: ioctl: 4.37.0-ioctl (2017-09-20) initialised: dm-devel@redhat.com
[    1.455877] intel_pstate: Intel P-state driver initializing
[    1.456459] ledtrig-cpu: registered to indicate activity on CPUs
[    1.456460] EFI Variables Facility v0.08 2004-May-17
[    1.471609] input: AT Translated Set 2 keyboard as /devices/platform/i8042/serio0/input/input4
[    1.475791] NET: Registered protocol family 10
[    1.479420] Segment Routing with IPv6
[    1.479436] NET: Registered protocol family 17
[    1.479543] Key type dns_resolver registered
[    1.479983] mce: Using 9 MCE banks
[    1.479991] RAS: Correctable Errors collector initialized.
[    1.480039] microcode: sig=0x306a9, pf=0x10, revision=0x21
[    1.480181] microcode: Microcode Update Driver: v2.2.
[    1.480187] sched_clock: Marking stable (1480175845, 0)->(1469692688, 10483157)
[    1.480432] registered taskstats version 1
[    1.480438] Loading compiled-in X.509 certificates
[    1.484493] Loaded X.509 cert 'Build time autogenerated kernel key: 244b473b43e18b01f00e37a87f2ecd28620f0244'
[    1.487028] Loaded UEFI:db cert 'ASUSTeK Notebook SW Key Certificate: b8e581e4df77a5bb4282d5ccfc00c071' linked to secondary sys keyring
[    1.487226] Loaded UEFI:db cert 'ASUSTeK MotherBoard SW Key Certificate: da83b990422ebc8c441f8d8b039a65a2' linked to secondary sys keyring
[    1.487243] Loaded UEFI:db cert 'Microsoft Corporation UEFI CA 2011: 13adbf4309bd82709c8cd54f316ed522988a1bd4' linked to secondary sys keyring
[    1.487257] Loaded UEFI:db cert 'Microsoft Windows Production PCA 2011: a92902398e16c49778cd90f99e4f9ae17c55af53' linked to secondary sys keyring
[    1.487455] Loaded UEFI:db cert 'Canonical Ltd. Master Certificate Authority: ad91990bc22ab1f517048c23b6655a268e345a63' linked to secondary sys keyring
[    1.487854] Couldn't get size: 0x800000000000000e
[    1.487856] MODSIGN: Couldn't get UEFI MokListRT
[    1.488431] zswap: loaded using pool lzo/zbud
[    1.491331] Key type big_key registered
[    1.491334] Key type trusted registered
[    1.492701] Key type encrypted registered
[    1.492703] AppArmor: AppArmor sha1 policy hashing enabled
[    1.492705] ima: No TPM chip found, activating TPM-bypass! (rc=-19)
[    1.492708] ima: Allocated hash algorithm: sha1
[    1.492720] evm: HMAC attrs: 0x1
[    1.493038]   Magic number: 0:463:481
[    1.493157] rtc_cmos 00:02: setting system clock to 2020-04-17 12:27:16 UTC (1587126436)
[    1.493195] BIOS EDD facility v0.16 2004-Jun-25, 0 devices found
[    1.493196] EDD information not available.
[    1.494885] Freeing unused kernel image memory: 2432K
[    1.528142] Write protecting the kernel read-only data: 20480k
[    1.528722] Freeing unused kernel image memory: 2008K
[    1.529061] Freeing unused kernel image memory: 1880K
[    1.535803] x86/mm: Checked W+X mappings: passed, no W+X pages found.
[    1.535804] x86/mm: Checking user space page tables
[    1.542322] x86/mm: Checked W+X mappings: passed, no W+X pages found.
[    1.760020] usb 1-1: new high-speed USB device number 2 using ehci-pci
[    1.780033] usb 2-1: new high-speed USB device number 2 using ehci-pci
[    1.780049] usb 3-3: new low-speed USB device number 2 using xhci_hcd
[    1.787247] ahci 0000:00:1f.2: version 3.0
[    1.787466] r8169 Gigabit Ethernet driver 2.3LK-NAPI loaded
[    1.787473] r8169 0000:02:00.0: can't disable ASPM; OS doesn't have ASPM control
[    1.787495] ahci 0000:00:1f.2: SSS flag set, parallel bus scan disabled
[    1.788055] r8169 0000:02:00.0 eth0: RTL8168evl/8111evl at 0x        (ptrval), 08:60:6e:8d:53:c4, XID 0c900800 IRQ 26
[    1.788057] r8169 0000:02:00.0 eth0: jumbo features [frames: 9200 bytes, tx checksumming: ko]
[    1.797592] ahci 0000:00:1f.2: AHCI 0001.0300 32 slots 6 ports 6 Gbps 0x5 impl SATA mode
[    1.797595] ahci 0000:00:1f.2: flags: 64bit ncq stag pm led clo pio slum part ems apst 
[    1.805155] r8169 0000:02:00.0 enp2s0: renamed from eth0
[    1.808866] scsi host0: ahci
[    1.809065] scsi host1: ahci
[    1.809296] scsi host2: ahci
[    1.809533] scsi host3: ahci
[    1.809636] scsi host4: ahci
[    1.809747] scsi host5: ahci
[    1.809785] ata1: SATA max UDMA/133 abar m2048@0xf7916000 port 0xf7916100 irq 25
[    1.809785] ata2: DUMMY
[    1.809788] ata3: SATA max UDMA/133 abar m2048@0xf7916000 port 0xf7916200 irq 25
[    1.809788] ata4: DUMMY
[    1.809789] ata5: DUMMY
[    1.809789] ata6: DUMMY
[    1.916455] usb 1-1: New USB device found, idVendor=8087, idProduct=0024
[    1.916457] usb 1-1: New USB device strings: Mfr=0, Product=0, SerialNumber=0
[    1.916735] hub 1-1:1.0: USB hub found
[    1.916829] hub 1-1:1.0: 6 ports detected
[    1.931560] usb 3-3: New USB device found, idVendor=046d, idProduct=c058
[    1.931561] usb 3-3: New USB device strings: Mfr=1, Product=2, SerialNumber=0
[    1.931562] usb 3-3: Product: USB Optical Mouse
[    1.931563] usb 3-3: Manufacturer: Logitech
[    1.936342] usb 2-1: New USB device found, idVendor=8087, idProduct=0024
[    1.936344] usb 2-1: New USB device strings: Mfr=0, Product=0, SerialNumber=0
[    1.936495] hub 2-1:1.0: USB hub found
[    1.936593] hub 2-1:1.0: 6 ports detected
[    2.044032] tsc: Refined TSC clocksource calibration: 2294.787 MHz
[    2.044038] clocksource: tsc: mask: 0xffffffffffffffff max_cycles: 0x2113f8b171d, max_idle_ns: 440795241185 ns
[    2.060032] usb 3-4: new low-speed USB device number 3 using xhci_hcd
[    2.122419] ata1: SATA link up 3.0 Gbps (SStatus 123 SControl 300)
[    2.123593] ata1.00: ACPI cmd ef/10:06:00:00:00:00 (SET FEATURES) succeeded
[    2.123595] ata1.00: ACPI cmd f5/00:00:00:00:00:00 (SECURITY FREEZE LOCK) filtered out
[    2.123596] ata1.00: ACPI cmd b1/c1:00:00:00:00:00 (DEVICE CONFIGURATION OVERLAY) filtered out
[    2.145121] ata1.00: ATA-8: Hitachi HTS727575A9E364, JF4OA200, max UDMA/133
[    2.145122] ata1.00: 1465149168 sectors, multi 16: LBA48 NCQ (depth 31/32), AA
[    2.146407] ata1.00: ACPI cmd ef/10:06:00:00:00:00 (SET FEATURES) succeeded
[    2.146408] ata1.00: ACPI cmd f5/00:00:00:00:00:00 (SECURITY FREEZE LOCK) filtered out
[    2.146410] ata1.00: ACPI cmd b1/c1:00:00:00:00:00 (DEVICE CONFIGURATION OVERLAY) filtered out
[    2.147426] ata1.00: configured for UDMA/133
[    2.147629] scsi 0:0:0:0: Direct-Access     ATA      Hitachi HTS72757 A200 PQ: 0 ANSI: 5
[    2.147912] sd 0:0:0:0: Attached scsi generic sg0 type 0
[    2.148057] sd 0:0:0:0: [sda] 1465149168 512-byte logical blocks: (750 GB/699 GiB)
[    2.148058] sd 0:0:0:0: [sda] 4096-byte physical blocks
[    2.148076] sd 0:0:0:0: [sda] Write Protect is off
[    2.148078] sd 0:0:0:0: [sda] Mode Sense: 00 3a 00 00
[    2.148193] sd 0:0:0:0: [sda] Write cache: enabled, read cache: enabled, doesn't support DPO or FUA
[    2.204117] usb 1-1.1: new full-speed USB device number 3 using ehci-pci
[    2.207321]  sda: sda1 sda2 sda3 sda4 sda5 sda6 sda7 sda8 sda9
[    2.208509] sd 0:0:0:0: [sda] Attached SCSI disk
[    2.229723] usb 3-4: New USB device found, idVendor=09da, idProduct=0260
[    2.229725] usb 3-4: New USB device strings: Mfr=1, Product=2, SerialNumber=0
[    2.229726] usb 3-4: Product: USB Keyboard
[    2.229727] usb 3-4: Manufacturer:  
[    2.235842] hidraw: raw HID events driver (C) Jiri Kosina
[    2.263836] usbcore: registered new interface driver usbhid
[    2.263837] usbhid: USB HID core driver
[    2.266150] input: Logitech USB Optical Mouse as /devices/pci0000:00/0000:00:14.0/usb3/3-3/3-3:1.0/0003:046D:C058.0001/input/input7
[    2.266269] hid-generic 0003:046D:C058.0001: input,hidraw0: USB HID v1.11 Mouse [Logitech USB Optical Mouse] on usb-0000:00:14.0-3/input0
[    2.266430] input:   USB Keyboard as /devices/pci0000:00/0000:00:14.0/usb3/3-4/3-4:1.0/0003:09DA:0260.0002/input/input8
[    2.316306] usb 1-1.1: New USB device found, idVendor=8087, idProduct=07da
[    2.316308] usb 1-1.1: New USB device strings: Mfr=0, Product=0, SerialNumber=0
[    2.324151] hid-generic 0003:09DA:0260.0002: input,hidraw1: USB HID v1.10 Keyboard [  USB Keyboard] on usb-0000:00:14.0-4/input0
[    2.324282] input:   USB Keyboard as /devices/pci0000:00/0000:00:14.0/usb3/3-4/3-4:1.1/0003:09DA:0260.0003/input/input9
[    2.384392] hid-generic 0003:09DA:0260.0003: input,hidraw2: USB HID v1.10 Device [  USB Keyboard] on usb-0000:00:14.0-4/input1
[    2.396023] usb 1-1.3: new high-speed USB device number 4 using ehci-pci
[    2.462691] ata3: SATA link up 1.5 Gbps (SStatus 113 SControl 300)
[    2.464520] ata3.00: ATAPI: MATSHITADVD-RAM UJ8C0, 1.00, max UDMA/133
[    2.465894] ata3.00: configured for UDMA/133
[    2.468074] scsi 2:0:0:0: CD-ROM            MATSHITA DVD-RAM UJ8C0    1.00 PQ: 0 ANSI: 5
[    2.517061] usb 1-1.3: New USB device found, idVendor=0bda, idProduct=0138
[    2.517063] usb 1-1.3: New USB device strings: Mfr=1, Product=2, SerialNumber=3
[    2.517064] usb 1-1.3: Product: USB2.0-CRW
[    2.517065] usb 1-1.3: Manufacturer: Generic
[    2.517066] usb 1-1.3: SerialNumber: 20090516388200000
[    2.526366] usbcore: registered new interface driver usb-storage
[    2.526433] sr 2:0:0:0: [sr0] scsi3-mmc drive: 24x/24x writer dvd-ram cd/rw xa/form2 cdda tray
[    2.526434] cdrom: Uniform CD-ROM driver Revision: 3.20
[    2.526571] sr 2:0:0:0: Attached scsi CD-ROM sr0
[    2.526633] sr 2:0:0:0: Attached scsi generic sg1 type 5
[    2.527957] usbcore: registered new interface driver uas
[    2.529251] ums-realtek 1-1.3:1.0: USB Mass Storage device detected
[    2.533070] scsi host6: usb-storage 1-1.3:1.0
[    2.533137] usbcore: registered new interface driver ums-realtek
[    2.600070] usb 1-1.4: new high-speed USB device number 5 using ehci-pci
[    2.634349] random: fast init done
[    2.640000] random: systemd-udevd: uninitialized urandom read (16 bytes read)
[    2.640027] random: systemd-udevd: uninitialized urandom read (16 bytes read)
[    2.640037] random: systemd-udevd: uninitialized urandom read (16 bytes read)
[    2.758507] usb 1-1.4: New USB device found, idVendor=064e, idProduct=d213
[    2.758511] usb 1-1.4: New USB device strings: Mfr=1, Product=2, SerialNumber=3
[    2.758514] usb 1-1.4: Product: USB 2.0 UVC HD Webcam
[    2.758516] usb 1-1.4: Manufacturer: SuYin
[    2.758518] usb 1-1.4: SerialNumber: HF1016-A821-OV02L-VS-R01.00.00
[    2.898267] psmouse serio1: elantech: assuming hardware version 4 (with firmware version 0x361f03)
[    2.919137] psmouse serio1: elantech: Synaptics capabilities query result 0x10, 0x14, 0x0e.
[    2.940013] psmouse serio1: elantech: Elan sample query result 05, 24, 64
[    3.053988] input: ETPS/2 Elantech Touchpad as /devices/platform/i8042/serio1/input/input6
[    3.068228] clocksource: Switched to clocksource tsc
[    3.551132] scsi 6:0:0:0: Direct-Access     Generic- Multi-Card       1.00 PQ: 0 ANSI: 0 CCS
[    3.551491] sd 6:0:0:0: Attached scsi generic sg2 type 0
[    3.557285] sd 6:0:0:0: [sdb] Attached SCSI removable disk
[    3.864432] EXT4-fs (sda7): mounted filesystem with ordered data mode. Opts: (null)
[    5.125483] random: crng init done
[    5.125485] random: 7 urandom warning(s) missed due to ratelimiting
[    5.172489] ip_tables: (C) 2000-2006 Netfilter Core Team
[    5.309072] systemd[1]: systemd 237 running in system mode. (+PAM +AUDIT +SELINUX +IMA +APPARMOR +SMACK +SYSVINIT +UTMP +LIBCRYPTSETUP +GCRYPT +GNUTLS +ACL +XZ +LZ4 +SECCOMP +BLKID +ELFUTILS +KMOD -IDN2 +IDN -PCRE2 default-hierarchy=hybrid)
[    5.328547] systemd[1]: Detected architecture x86-64.
[    5.340353] systemd[1]: Set hostname to <Ziba>.
[    7.405410] systemd[1]: Reached target User and Group Name Lookups.
[    7.405611] systemd[1]: Created slice User and Session Slice.
[    7.405724] systemd[1]: Created slice System Slice.
[    7.405809] systemd[1]: Listening on Journal Socket.
[    7.406332] systemd[1]: Mounting POSIX Message Queue File System...
[    7.406481] systemd[1]: Listening on Journal Audit Socket.
[    7.406530] systemd[1]: Reached target Slices.
[    7.505918] EXT4-fs (sda7): re-mounted. Opts: errors=remount-ro
[    7.718092] lp: driver loaded but no devices found
[    7.851505] systemd-journald[319]: Received request to flush runtime journal from PID 1
[    7.875608] ppdev: user-space parallel port driver
[   18.003919] input: Asus Wireless Radio Control as /devices/LNXSYSTM:00/LNXSYBUS:00/ATK4001:00/input/input10
[   18.048641] shpchp: Standard Hot Plug PCI Controller Driver version: 0.4
[   18.058791] Bluetooth: Core ver 2.22
[   18.058803] NET: Registered protocol family 31
[   18.058803] Bluetooth: HCI device and connection manager initialized
[   18.058806] Bluetooth: HCI socket layer initialized
[   18.058808] Bluetooth: L2CAP socket layer initialized
[   18.058812] Bluetooth: SCO socket layer initialized
[   18.063049] usbcore: registered new interface driver btusb
[   18.166942] RAPL PMU: API unit is 2^-32 Joules, 3 fixed counters, 163840 ms ovfl timer
[   18.166944] RAPL PMU: hw unit of domain pp0-core 2^-16 Joules
[   18.166944] RAPL PMU: hw unit of domain package 2^-16 Joules
[   18.166945] RAPL PMU: hw unit of domain pp1-gpu 2^-16 Joules
[   18.171722] cfg80211: Loading compiled-in X.509 certificates for regulatory database
[   18.172047] cfg80211: Loaded X.509 cert 'sforshee: 00b28ddf47aef9cea7'
[   18.179161] AVX version of gcm_enc/dec engaged.
[   18.179163] AES CTR mode by8 optimization enabled
[   18.179469] ACPI Warning: SystemIO range 0x0000000000000428-0x000000000000042F conflicts with OpRegion 0x0000000000000400-0x000000000000047F (\PMIO) (20170831/utaddress-247)
[   18.179473] ACPI Warning: SystemIO range 0x0000000000000428-0x000000000000042F conflicts with OpRegion 0x0000000000000400-0x000000000000047F (\PMIO) (20170831/utaddress-247)
[   18.179478] ACPI: If an ACPI driver is available for this device, you should use it instead of the native driver
[   18.179482] ACPI Warning: SystemIO range 0x0000000000000540-0x000000000000054F conflicts with OpRegion 0x0000000000000500-0x0000000000000563 (\GPIO) (20170831/utaddress-247)
[   18.179485] ACPI Warning: SystemIO range 0x0000000000000540-0x000000000000054F conflicts with OpRegion 0x0000000000000500-0x0000000000000563 (\GPIO) (20170831/utaddress-247)
[   18.179488] ACPI Warning: SystemIO range 0x0000000000000540-0x000000000000054F conflicts with OpRegion 0x0000000000000500-0x000000000000055F (\_SB.PCI0.PEG0.PEGP.GPIO) (20170831/utaddress-247)
[   18.179491] ACPI Warning: SystemIO range 0x0000000000000540-0x000000000000054F conflicts with OpRegion 0x0000000000000500-0x000000000000055F (\_SB.PCI0.PEG0.PEGP.GPIO) (20170831/utaddress-247)
[   18.179493] ACPI: If an ACPI driver is available for this device, you should use it instead of the native driver
[   18.179493] ACPI Warning: SystemIO range 0x0000000000000530-0x000000000000053F conflicts with OpRegion 0x0000000000000500-0x0000000000000563 (\GPIO) (20170831/utaddress-247)
[   18.179495] ACPI Warning: SystemIO range 0x0000000000000530-0x000000000000053F conflicts with OpRegion 0x0000000000000500-0x0000000000000563 (\GPIO) (20170831/utaddress-247)
[   18.179498] ACPI Warning: SystemIO range 0x0000000000000530-0x000000000000053F conflicts with OpRegion 0x0000000000000500-0x000000000000055F (\_SB.PCI0.PEG0.PEGP.GPIO) (20170831/utaddress-247)
[   18.179502] ACPI Warning: SystemIO range 0x0000000000000530-0x000000000000053F conflicts with OpRegion 0x0000000000000500-0x000000000000055F (\_SB.PCI0.PEG0.PEGP.GPIO) (20170831/utaddress-247)
[   18.179505] ACPI: If an ACPI driver is available for this device, you should use it instead of the native driver
[   18.179506] ACPI Warning: SystemIO range 0x0000000000000500-0x000000000000052F conflicts with OpRegion 0x0000000000000500-0x0000000000000563 (\GPIO) (20170831/utaddress-247)
[   18.179510] ACPI Warning: SystemIO range 0x0000000000000500-0x000000000000052F conflicts with OpRegion 0x0000000000000500-0x0000000000000563 (\GPIO) (20170831/utaddress-247)
[   18.179513] ACPI Warning: SystemIO range 0x0000000000000500-0x000000000000052F conflicts with OpRegion 0x0000000000000500-0x000000000000055F (\_SB.PCI0.PEG0.PEGP.GPIO) (20170831/utaddress-247)
[   18.179515] ACPI Warning: SystemIO range 0x0000000000000500-0x000000000000052F conflicts with OpRegion 0x0000000000000500-0x000000000000055F (\_SB.PCI0.PEG0.PEGP.GPIO) (20170831/utaddress-247)
[   18.179517] ACPI: If an ACPI driver is available for this device, you should use it instead of the native driver
[   18.179518] lpc_ich: Resource conflict(s) found affecting gpio_ich
[   18.225258] Intel(R) Wireless WiFi driver for Linux
[   18.225259] Copyright(c) 2003- 2015 Intel Corporation
[   18.225344] iwlwifi 0000:03:00.0: enabling device (0100 -> 0102)
[   18.225482] iwlwifi 0000:03:00.0: can't disable ASPM; OS doesn't have ASPM control
[   18.236493] snd_hda_intel 0000:00:1b.0: enabling device (0000 -> 0002)
[   18.236707] snd_hda_intel 0000:01:00.1: enabling device (0000 -> 0002)
[   18.236767] snd_hda_intel 0000:01:00.1: Disabling MSI
[   18.236772] snd_hda_intel 0000:01:00.1: Handle vga_switcheroo audio client
[   18.243578] intel_rapl: Found RAPL domain package
[   18.243579] intel_rapl: Found RAPL domain core
[   18.243579] intel_rapl: Found RAPL domain uncore
[   18.243583] intel_rapl: RAPL package 0 domain package locked by BIOS
[   18.377584] asus_wmi: ASUS WMI generic driver loaded
[   18.378629] asus_wmi: Initialization: 0x1
[   18.378701] asus_wmi: BIOS WMI version: 7.8
[   18.378763] asus_wmi: SFUN value: 0x4a0077
[   18.379831] input: Asus WMI hotkeys as /devices/platform/asus-nb-wmi/input/input11
[   18.380472] asus_wmi: Number of fans: 0
[   18.589165] iwlwifi 0000:03:00.0: loaded firmware version 18.168.6.1 op_mode iwldvm
[   18.664829] iwlwifi 0000:03:00.0: CONFIG_IWLWIFI_DEBUG disabled
[   18.664830] iwlwifi 0000:03:00.0: CONFIG_IWLWIFI_DEBUGFS enabled
[   18.664831] iwlwifi 0000:03:00.0: CONFIG_IWLWIFI_DEVICE_TRACING enabled
[   18.664832] iwlwifi 0000:03:00.0: Detected Intel(R) Centrino(R) Wireless-N 2230 BGN, REV=0xC8
[   18.702933] ieee80211 phy0: Selected rate control algorithm 'iwl-agn-rs'
[   18.705682] iwlwifi 0000:03:00.0 wlp3s0: renamed from wlan0
[   19.138717] media: Linux media interface: v0.10
[   19.145461] Linux video capture interface: v2.00
[   19.192851] uvcvideo: Found UVC 1.00 device USB 2.0 UVC HD Webcam (064e:d213)
[   19.197628] uvcvideo 1-1.4:1.0: Entity type for entity Processing 2 was not initialized!
[   19.197629] uvcvideo 1-1.4:1.0: Entity type for entity Extension 6 was not initialized!
[   19.197630] uvcvideo 1-1.4:1.0: Entity type for entity Camera 1 was not initialized!
[   19.197686] input: USB 2.0 UVC HD Webcam: USB 2.0  as /devices/pci0000:00/0000:00:1a.0/usb1/1-1/1-1.4/1-1.4:1.0/input/input13
[   19.197738] usbcore: registered new interface driver uvcvideo
[   19.197739] USB Video Class driver (1.1.1)
[   19.388547] [drm] Memory usable by graphics device = 2048M
[   19.388549] checking generic (d0000000 57f000) vs hw (d0000000 10000000)
[   19.388550] fb: switching to inteldrmfb from EFI VGA
[   19.388636] Console: switching to colour dummy device 80x25
[   19.388720] [drm] Replacing VGA console driver
[   19.394058] [drm] Supports vblank timestamp caching Rev 2 (21.10.2013).
[   19.394058] [drm] Driver supports precise vblank timestamp query.
[   19.396592] i915 0000:00:02.0: vgaarb: changed VGA decodes: olddecodes=io+mem,decodes=none:owns=io+mem
[   19.435482] ------------[ cut here ]------------
[   19.435484] Could not determine valid watermarks for inherited state
[   19.435544] WARNING: CPU: 4 PID: 510 at /build/linux-UDHJtG/linux-4.15.0/drivers/gpu/drm/i915/intel_display.c:14537 intel_modeset_init+0xfcf/0x1010 [i915]
[   19.435544] Modules linked in: i915(+) ttm uvcvideo videobuf2_vmalloc videobuf2_memops videobuf2_v4l2 videobuf2_core videodev media input_leds drm_kms_helper drm i2c_algo_bit fb_sys_fops syscopyarea snd_hda_codec_hdmi arc4 iwldvm mac80211 asus_nb_wmi asus_wmi sparse_keymap mxm_wmi joydev serio_raw sysfillrect intel_rapl x86_pkg_temp_thermal intel_powerclamp coretemp snd_hda_intel snd_hda_codec kvm_intel snd_hda_core snd_hwdep iwlwifi kvm snd_pcm irqbypass crct10dif_pclmul crc32_pclmul ghash_clmulni_intel pcbc snd_seq_midi snd_seq_midi_event snd_rawmidi lpc_ich aesni_intel snd_seq aes_x86_64 crypto_simd glue_helper snd_seq_device cryptd snd_timer intel_cstate cfg80211 intel_rapl_perf snd soundcore mac_hid sysimgblt wmi btusb btrtl btbcm btintel bluetooth mei_me ecdh_generic video mei shpchp asus_wireless
[   19.435564]  sch_fq_codel parport_pc ppdev lp parport ip_tables x_tables autofs4 ums_realtek uas usb_storage hid_generic usbhid hid r8169 ahci psmouse libahci mii
[   19.435571] CPU: 4 PID: 510 Comm: modprobe Not tainted 4.15.0-96-generic #97-Ubuntu
[   19.435571] Hardware name: ASUSTeK COMPUTER INC. K75VJ/K75VJ, BIOS 227 12/10/2012
[   19.435597] RIP: 0010:intel_modeset_init+0xfcf/0x1010 [i915]
[   19.435598] RSP: 0018:ffffac99826639b0 EFLAGS: 00010286
[   19.435599] RAX: 0000000000000000 RBX: ffff8b4996960000 RCX: 0000000000000006
[   19.435599] RDX: 0000000000000007 RSI: 0000000000000096 RDI: ffff8b49afb16490
[   19.435600] RBP: ffffac9982663a40 R08: 0000000000000417 R09: 0000000000000004
[   19.435600] R10: 0000000000000040 R11: 0000000000000001 R12: ffff8b49986fe800
[   19.435601] R13: ffff8b49986a4400 R14: 00000000ffffffea R15: ffff8b4996960358
[   19.435602] FS:  00007ff3789e9540(0000) GS:ffff8b49afb00000(0000) knlGS:0000000000000000
[   19.435602] CS:  0010 DS: 0000 ES: 0000 CR0: 0000000080050033
[   19.435603] CR2: 00005642ee701fe8 CR3: 0000000418720005 CR4: 00000000001606e0
[   19.435604] Call Trace:
[   19.435627]  i915_driver_load+0xa73/0xe60 [i915]
[   19.435648]  i915_pci_probe+0x42/0x70 [i915]
[   19.435651]  local_pci_probe+0x47/0xa0
[   19.435653]  pci_device_probe+0x10e/0x1c0
[   19.435656]  driver_probe_device+0x30c/0x490
[   19.435657]  __driver_attach+0xcc/0xf0
[   19.435659]  ? driver_probe_device+0x490/0x490
[   19.435660]  bus_for_each_dev+0x70/0xc0
[   19.435661]  driver_attach+0x1e/0x20
[   19.435662]  bus_add_driver+0x1c7/0x270
[   19.435664]  ? 0xffffffffc09de000
[   19.435665]  driver_register+0x60/0xe0
[   19.435665]  ? 0xffffffffc09de000
[   19.435667]  __pci_register_driver+0x5a/0x60
[   19.435686]  i915_init+0x5c/0x5f [i915]
[   19.435687]  do_one_initcall+0x52/0x19f
[   19.435689]  ? __slab_alloc+0x20/0x40
[   19.435691]  ? kmem_cache_alloc_trace+0x171/0x1b0
[   19.435693]  ? do_init_module+0x27/0x213
[   19.435694]  do_init_module+0x5f/0x213
[   19.435696]  load_module+0x16bd/0x1f20
[   19.435699]  ? ima_post_read_file+0x96/0xa0
[   19.435701]  SYSC_finit_module+0xfc/0x120
[   19.435702]  ? SYSC_finit_module+0xfc/0x120
[   19.435704]  SyS_finit_module+0xe/0x10
[   19.435705]  do_syscall_64+0x73/0x130
[   19.435708]  entry_SYSCALL_64_after_hwframe+0x3d/0xa2
[   19.435709] RIP: 0033:0x7ff378503839
[   19.435710] RSP: 002b:00007ffcdd43b308 EFLAGS: 00000246 ORIG_RAX: 0000000000000139
[   19.435711] RAX: ffffffffffffffda RBX: 000055d0382392e0 RCX: 00007ff378503839
[   19.435711] RDX: 0000000000000000 RSI: 000055d037d6fd2e RDI: 0000000000000006
[   19.435712] RBP: 000055d037d6fd2e R08: 0000000000000000 R09: 0000000000000000
[   19.435712] R10: 0000000000000006 R11: 0000000000000246 R12: 0000000000000000
[   19.435713] R13: 000055d038239410 R14: 0000000000040000 R15: 000055d0382392e0
[   19.435714] Code: e9 46 fc ff ff 48 c7 c6 f7 bd c0 c0 48 c7 c7 4f b1 c0 c0 e8 94 06 d1 dd 0f 0b e9 73 fe ff ff 48 c7 c7 40 16 c2 c0 e8 81 06 d1 dd <0f> 0b e9 4b fe ff ff 48 c7 c6 04 be c0 c0 48 c7 c7 4f b1 c0 c0 
[   19.435725] ---[ end trace 8a8dcc4d159786cb ]---
[   19.438579] [drm] Initialized i915 1.6.0 20171023 for 0000:00:02.0 on minor 0
[   19.438684] [Firmware Bug]: ACPI(PEGP) defines _DOD but not _DOS
[   19.439422] ACPI: Video Device [PEGP] (multi-head: yes  rom: yes  post: no)
[   19.439679] input: Video Bus as /devices/LNXSYSTM:00/LNXSYBUS:00/PNP0A08:00/device:17/LNXVIDEO:00/input/input16
[   19.440745] ACPI: Video Device [GFX0] (multi-head: yes  rom: no  post: no)
[   19.441209] input: Video Bus as /devices/LNXSYSTM:00/LNXSYBUS:00/PNP0A08:00/LNXVIDEO:01/input/input17
[   19.460149] snd_hda_intel 0000:00:1b.0: bound 0000:00:02.0 (ops i915_audio_component_bind_ops [i915])
[   19.472128] fbcon: inteldrmfb (fb0) is primary device
[   19.472199] Console: switching to colour frame buffer device 200x56
[   19.472218] i915 0000:00:02.0: fb0: inteldrmfb frame buffer device
[   19.500485] input: HDA NVidia HDMI/DP,pcm=3 as /devices/pci0000:00/0000:00:01.0/0000:01:00.1/sound/card1/input12
[   19.500554] input: HDA NVidia HDMI/DP,pcm=7 as /devices/pci0000:00/0000:00:01.0/0000:01:00.1/sound/card1/input14
[   19.500612] input: HDA NVidia HDMI/DP,pcm=8 as /devices/pci0000:00/0000:00:01.0/0000:01:00.1/sound/card1/input15
[   19.500673] input: HDA NVidia HDMI/DP,pcm=9 as /devices/pci0000:00/0000:00:01.0/0000:01:00.1/sound/card1/input18
[   20.013625] MXM: GUID detected in BIOS
[   20.013692] ACPI Warning: \_SB.PCI0.GFX0._DSM: Argument #4 type mismatch - Found [Buffer], ACPI requires [Package] (20170831/nsarguments-100)
[   20.013721] ACPI: \_SB_.PCI0.GFX0: failed to evaluate _DSM
[   20.013820] ACPI Warning: \_SB.PCI0.PEG0.PEGP._DSM: Argument #4 type mismatch - Found [Buffer], ACPI requires [Package] (20170831/nsarguments-100)
[   20.014344] pci 0000:01:00.0: optimus capabilities: enabled, status dynamic power, hda bios codec supported
[   20.014350] VGA switcheroo: detected Optimus DSM method \_SB_.PCI0.PEG0.PEGP handle
[   20.014377] nouveau 0000:01:00.0: enabling device (0006 -> 0007)
[   20.014545] nouveau 0000:01:00.0: NVIDIA GF108 (0c1180a1)
[   20.041194] nouveau 0000:01:00.0: bios: version 70.08.be.00.13
[   20.120637] snd_hda_codec_realtek hdaudioC0D0: autoconfig for ALC269VB: line_outs=1 (0x14/0x0/0x0/0x0/0x0) type:speaker
[   20.120639] snd_hda_codec_realtek hdaudioC0D0:    speaker_outs=0 (0x0/0x0/0x0/0x0/0x0)
[   20.120641] snd_hda_codec_realtek hdaudioC0D0:    hp_outs=1 (0x21/0x0/0x0/0x0/0x0)
[   20.120643] snd_hda_codec_realtek hdaudioC0D0:    mono: mono_out=0x0
[   20.120644] snd_hda_codec_realtek hdaudioC0D0:    inputs:
[   20.120645] snd_hda_codec_realtek hdaudioC0D0:      Mic=0x18
[   20.120647] snd_hda_codec_realtek hdaudioC0D0:      Internal Mic=0x12
[   20.127946] input: HDA Intel PCH Mic as /devices/pci0000:00/0000:00:1b.0/sound/card0/input19
[   20.127990] input: HDA Intel PCH Headphone as /devices/pci0000:00/0000:00:1b.0/sound/card0/input20
[   20.128658] input: HDA Intel PCH HDMI/DP,pcm=3 as /devices/pci0000:00/0000:00:1b.0/sound/card0/input21
[   20.149449] nouveau 0000:01:00.0: fb: 2048 MiB DDR3
[   20.205542] vga_switcheroo: enabled
[   20.205664] [TTM] Zone  kernel: Available graphics memory: 8149892 kiB
[   20.205665] [TTM] Zone   dma32: Available graphics memory: 2097152 kiB
[   20.205665] [TTM] Initializing pool allocator
[   20.205668] [TTM] Initializing DMA pool allocator
[   20.205686] nouveau 0000:01:00.0: DRM: VRAM: 2048 MiB
[   20.205687] nouveau 0000:01:00.0: DRM: GART: 1048576 MiB
[   20.205689] nouveau 0000:01:00.0: DRM: TMDS table version 2.0
[   20.205690] nouveau 0000:01:00.0: DRM: DCB version 4.0
[   20.205692] nouveau 0000:01:00.0: DRM: DCB outp 00: 02000300 00000000
[   20.205693] nouveau 0000:01:00.0: DRM: DCB conn 00: 00000000
[   20.206403] [drm] Supports vblank timestamp caching Rev 2 (21.10.2013).
[   20.206403] [drm] Driver supports precise vblank timestamp query.
[   20.207321] nouveau 0000:01:00.0: DRM: MM: using COPY0 for buffer copies
[   20.241356] nouveau 0000:01:00.0: DRM: allocated 1024x768 fb: 0x60000, bo 00000000b96b26e6
[   20.241459] nouveau 0000:01:00.0: fb1: nouveaufb frame buffer device
[   20.241480] [drm] Initialized nouveau 1.3.1 20120801 for 0000:01:00.0 on minor 1
[   21.668842] Adding 3906556k swap on /dev/sda8.  Priority:-2 extents:1 across:3906556k FS
[   23.400062] EXT4-fs (sda6): mounting ext2 file system using the ext4 subsystem
[   23.416923] EXT4-fs (sda6): mounted filesystem without journal. Opts: (null)
[   23.713230] EXT4-fs (sda9): mounted filesystem with ordered data mode. Opts: (null)
[   24.636704] audit: type=1400 audit(1587126459.639:2): apparmor="STATUS" operation="profile_load" profile="unconfined" name="libreoffice-xpdfimport" pid=860 comm="apparmor_parser"
[   24.636826] audit: type=1400 audit(1587126459.639:3): apparmor="STATUS" operation="profile_load" profile="unconfined" name="libreoffice-senddoc" pid=858 comm="apparmor_parser"
[   24.636830] audit: type=1400 audit(1587126459.639:4): apparmor="STATUS" operation="profile_load" profile="unconfined" name="libreoffice-oopslash" pid=857 comm="apparmor_parser"
[   24.636832] audit: type=1400 audit(1587126459.639:5): apparmor="STATUS" operation="profile_load" profile="unconfined" name="/usr/bin/man" pid=856 comm="apparmor_parser"
[   24.636834] audit: type=1400 audit(1587126459.639:6): apparmor="STATUS" operation="profile_load" profile="unconfined" name="man_filter" pid=856 comm="apparmor_parser"
[   24.636837] audit: type=1400 audit(1587126459.639:7): apparmor="STATUS" operation="profile_load" profile="unconfined" name="man_groff" pid=856 comm="apparmor_parser"
[   24.638164] audit: type=1400 audit(1587126459.639:8): apparmor="STATUS" operation="profile_load" profile="unconfined" name="/usr/sbin/ippusbxd" pid=864 comm="apparmor_parser"
[   24.638465] audit: type=1400 audit(1587126459.639:9): apparmor="STATUS" operation="profile_load" profile="unconfined" name="/sbin/dhclient" pid=853 comm="apparmor_parser"
[   24.638469] audit: type=1400 audit(1587126459.639:10): apparmor="STATUS" operation="profile_load" profile="unconfined" name="/usr/lib/NetworkManager/nm-dhcp-client.action" pid=853 comm="apparmor_parser"
[   24.638472] audit: type=1400 audit(1587126459.639:11): apparmor="STATUS" operation="profile_load" profile="unconfined" name="/usr/lib/NetworkManager/nm-dhcp-helper" pid=853 comm="apparmor_parser"
[   25.396381] Bluetooth: BNEP (Ethernet Emulation) ver 1.3
[   25.396382] Bluetooth: BNEP filters: protocol multicast
[   25.396384] Bluetooth: BNEP socket layer initialized
[   28.998255] IPv6: ADDRCONF(NETDEV_UP): enp2s0: link is not ready
[   29.173455] r8169 0000:02:00.0 enp2s0: link down
[   29.173536] IPv6: ADDRCONF(NETDEV_UP): enp2s0: link is not ready
[   29.194989] IPv6: ADDRCONF(NETDEV_UP): wlp3s0: link is not ready
[   29.208870] iwlwifi 0000:03:00.0: Radio type=0x2-0x0-0x0
[   29.493961] iwlwifi 0000:03:00.0: Radio type=0x2-0x0-0x0
[   29.555399] IPv6: ADDRCONF(NETDEV_UP): wlp3s0: link is not ready
[   29.687854] IPv6: ADDRCONF(NETDEV_UP): wlp3s0: link is not ready
[   30.158910] wlp3s0: authenticate with 2c:95:7f:1d:7e:30
[   30.164186] wlp3s0: send auth to 2c:95:7f:1d:7e:30 (try 1/3)
[   30.166636] wlp3s0: authenticated
[   30.168089] wlp3s0: associate with 2c:95:7f:1d:7e:30 (try 1/3)
[   30.177596] wlp3s0: RX AssocResp from 2c:95:7f:1d:7e:30 (capab=0x411 status=0 aid=2)
[   30.180126] wlp3s0: associated
[   30.200793] IPv6: ADDRCONF(NETDEV_CHANGE): wlp3s0: link becomes ready
[   37.263796] Bluetooth: RFCOMM TTY layer initialized
[   37.263804] Bluetooth: RFCOMM socket layer initialized
[   37.263810] Bluetooth: RFCOMM ver 1.11
[   40.595342] rfkill: input handler disabled
[  195.765078] usb 3-1: new high-speed USB device number 4 using xhci_hcd
[  195.918196] usb 3-1: New USB device found, idVendor=1ec9, idProduct=0081
[  195.918201] usb 3-1: New USB device strings: Mfr=1, Product=2, SerialNumber=3
[  195.918204] usb 3-1: Product: Flash Disk
[  195.918206] usb 3-1: Manufacturer: Generic
[  195.918208] usb 3-1: SerialNumber: 3000287FB0F5DF84
[  195.918802] usb-storage 3-1:1.0: USB Mass Storage device detected
[  195.919351] scsi host7: usb-storage 3-1:1.0
[  197.023282] scsi 7:0:0:0: Direct-Access     Generic  Flash Disk       PMAP PQ: 0 ANSI: 4
[  197.023990] sd 7:0:0:0: Attached scsi generic sg3 type 0
[  198.361863] sd 7:0:0:0: [sdc] 15273600 512-byte logical blocks: (7.82 GB/7.28 GiB)
[  198.362118] sd 7:0:0:0: [sdc] Write Protect is off
[  198.362122] sd 7:0:0:0: [sdc] Mode Sense: 23 00 00 00
[  198.362334] sd 7:0:0:0: [sdc] No Caching mode page found
[  198.362343] sd 7:0:0:0: [sdc] Assuming drive cache: write through
[  198.394309]  sdc: sdc1
[  198.396065] sd 7:0:0:0: [sdc] Attached SCSI removable disk
[  198.801959] FAT-fs (sdc1): Volume was not properly unmounted. Some data may be corrupt. Please run fsck.
[  220.852242] show_signal_msg: 27 callbacks suppressed
[  220.852248] IIPU[2167]: segfault at 8 ip 00007f2847a652ba sp 00007ffd54477930 error 4 in libQt5Core.so.5.9.5[7f28477a4000+53b000]
[  550.977083] IIPU[2868]: segfault at 8 ip 00007f600b0ad2ba sp 00007ffd0bf305c0 error 4 in libQt5Core.so.5.9.5[7f600adec000+53b000]
[  750.172255] IIPU[3022]: segfault at 8 ip 00007f598c0d82ba sp 00007ffcc47bb8e0 error 4 in libQt5Core.so.5.9.5[7f598be17000+53b000]
[  864.295298] IIPU[3056]: segfault at 8 ip 00007f079a4102ba sp 00007fffb208b3a0 error 4 in libQt5Core.so.5.9.5[7f079a14f000+53b000]
[  897.965798] IIPU[3071]: segfault at 8 ip 00007fedd42532ba sp 00007ffca1a3c280 error 4 in libQt5Core.so.5.9.5[7fedd3f92000+53b000]
[  987.573543] IIPU[3142]: segfault at 8 ip 00007f75690ac2ba sp 00007ffc32b373d0 error 4 in libQt5Core.so.5.9.5[7f7568deb000+53b000]
[ 1007.082573] usb 3-1: USB disconnect, device number 4
